2026-04-24 15:01 === Knowledge Compiler Started ===
2026-04-24 15:01   No lessons found
2026-04-24 15:01   No SEO reports found
2026-04-24 15:01   No tech fixes found
2026-04-24 15:01   Sync: MEMORY.md
2026-04-24 15:01   Sync: HEARTBEAT.md
2026-04-24 15:01   Sync: IDENTITY.md
2026-04-24 15:01   Sync: USER.md
2026-04-24 15:01   Skip: ENIGMA-MASTER-AGENT.md (not found)
2026-04-24 15:01 === Compilation Complete ===
2026-04-24 18:57 === Knowledge Compiler Started ===
2026-04-24 18:57   No lessons found
2026-04-24 18:57   No SEO reports found
2026-04-24 18:57   No tech fixes found
2026-04-24 18:57   Sync: MEMORY.md
2026-04-24 18:57   Sync: HEARTBEAT.md
2026-04-24 18:57   Sync: IDENTITY.md
2026-04-24 18:57   Sync: USER.md
2026-04-24 18:57   Skip: ENIGMA-MASTER-AGENT.md (not found)
2026-04-24 18:57 === Compilation Complete ===
2026-04-25 16:23 === Knowledge Compiler Started ===
2026-04-25 16:23   No SEO reports found
2026-04-25 16:23   Sync: MEMORY.md
2026-04-25 16:23   Sync: HEARTBEAT.md
2026-04-25 16:23   Sync: IDENTITY.md
2026-04-25 16:23   Sync: USER.md
2026-04-25 16:23   Skip: ENIGMA-MASTER-AGENT.md (not found)
2026-04-25 16:23 === Compilation Complete ===
2026-04-26 00:08 === Knowledge Compiler Started ===
2026-04-26 00:08   No SEO reports found
2026-04-26 00:08   Sync: MEMORY.md
2026-04-26 00:08   Sync: HEARTBEAT.md
2026-04-26 00:08   Sync: IDENTITY.md
2026-04-26 00:08   Sync: USER.md
2026-04-26 00:08   Skip: ENIGMA-MASTER-AGENT.md (not found)
2026-04-26 00:08 === Compilation Complete ===
2026-04-26 15:23 === Knowledge Compiler Started ===
2026-04-26 15:23   No SEO reports found
2026-04-26 15:23   Sync: MEMORY.md
2026-04-26 15:23   Sync: HEARTBEAT.md
2026-04-26 15:23   Sync: IDENTITY.md
2026-04-26 15:23   Sync: USER.md
2026-04-26 15:23   Skip: ENIGMA-MASTER-AGENT.md (not found)
2026-04-26 15:23 === Compilation Complete ===
2026-04-26 15:23 === Knowledge Compiler Started ===
2026-04-26 15:23   No SEO reports found
2026-04-26 15:23   Sync: MEMORY.md
2026-04-26 15:23   Sync: HEARTBEAT.md
2026-04-26 15:23   Sync: IDENTITY.md
2026-04-26 15:23   Sync: USER.md
2026-04-26 15:23   Skip: ENIGMA-MASTER-AGENT.md (not found)
2026-04-26 15:23 === Compilation Complete ===
2026-04-26 19:23 === Knowledge Compiler Started ===
2026-04-26 19:23   No SEO reports found
2026-04-26 19:23   Sync: MEMORY.md
2026-04-26 19:23   Sync: HEARTBEAT.md
2026-04-26 19:23   Sync: IDENTITY.md
2026-04-26 19:23   Sync: USER.md
2026-04-26 19:23   Skip: ENIGMA-MASTER-AGENT.md (not found)
2026-04-26 19:23 === Compilation Complete ===
2026-04-26 23:32 === Knowledge Compiler Started ===
2026-04-26 23:32   No lessons found
2026-04-26 23:32   No SEO reports found
2026-04-26 23:32   Tech fixes documented
2026-04-26 23:32   Sync: MEMORY.md
2026-04-26 23:32   Sync: HEARTBEAT.md
2026-04-26 23:32   Sync: IDENTITY.md
2026-04-26 23:32   Sync: USER.md
2026-04-26 23:32   Skip: ENIGMA-MASTER-AGENT.md (not found)
2026-04-26 23:32 === Compilation Complete ===
2026-04-27 17:25 === Knowledge Compiler Started ===
2026-04-27 17:25   No lessons found
2026-04-27 17:25   No SEO reports found
2026-04-27 17:25   No tech fixes found
2026-04-27 17:25   Sync: MEMORY.md
2026-04-27 17:25   Sync: HEARTBEAT.md
2026-04-27 17:25   Sync: IDENTITY.md
2026-04-27 17:25   Sync: USER.md
2026-04-27 17:25   Skip: ENIGMA-MASTER-AGENT.md (not found)
2026-04-27 17:25 === Compilation Complete ===
2026-04-27 17:28 === Knowledge Compiler Started ===
2026-04-27 17:28   No lessons found
2026-04-27 17:28   No SEO reports found
2026-04-27 17:28   No tech fixes found
2026-04-27 17:28   Sync: MEMORY.md
2026-04-27 17:28   Sync: HEARTBEAT.md
2026-04-27 17:28   Sync: IDENTITY.md
2026-04-27 17:28   Sync: USER.md
2026-04-27 17:28   Skip: ENIGMA-MASTER-AGENT.md (not found)
2026-04-27 17:28 === Compilation Complete ===
2026-04-27 21:28 === Knowledge Compiler Started ===
2026-04-27 21:28   No lessons found
2026-04-27 21:28   No SEO reports found
2026-04-27 21:28   No tech fixes found
2026-04-27 21:28   Sync: MEMORY.md
2026-04-27 21:28   Sync: HEARTBEAT.md
2026-04-27 21:28   Sync: IDENTITY.md
2026-04-27 21:28   Sync: USER.md
2026-04-27 21:28   Skip: ENIGMA-MASTER-AGENT.md (not found)
2026-04-27 21:28 === Compilation Complete ===
2026-04-28 14:20 === Knowledge Compiler Started ===
2026-04-28 14:20   No SEO reports found
2026-04-28 14:20   Sync: MEMORY.md
2026-04-28 14:20   Sync: HEARTBEAT.md
2026-04-28 14:20   Sync: IDENTITY.md
2026-04-28 14:20   Sync: USER.md
2026-04-28 14:20   Skip: ENIGMA-MASTER-AGENT.md (not found)
2026-04-28 14:20 === Compilation Complete ===
