🦞 JARVIS — Always-On Voice Assistant
Wake word: 'Hey Enigma'
Press Ctrl+C to stop

[0;31m❌ SoX not found. Install: brew install sox[0m
🦞 JARVIS — Always-On Voice Assistant
Wake word: 'Hey Enigma'
Press Ctrl+C to stop

[0;31m❌ SoX not found. Install: brew install sox[0m
🦞 JARVIS — Always-On Voice Assistant
Wake word: 'Hey Enigma'
Press Ctrl+C to stop

[0;31m❌ SoX not found. Install: brew install sox[0m
🦞 JARVIS — Always-On Voice Assistant
Wake word: 'Hey Enigma'
Press Ctrl+C to stop

[0;31m❌ SoX not found. Install: brew install sox[0m
🦞 JARVIS — Always-On Voice Assistant
Wake word: 'Hey Enigma'
Press Ctrl+C to stop

[0;31m❌ SoX not found. Install: brew install sox[0m
🦞 JARVIS — Always-On Voice Assistant
Wake word: 'Hey Enigma'
Press Ctrl+C to stop

[0;31m❌ SoX not found. Install: brew install sox[0m
🦞 JARVIS — Always-On Voice Assistant
Wake word: 'Hey Enigma'
Press Ctrl+C to stop

[0;31m❌ SoX not found. Install: brew install sox[0m
🦞 JARVIS — Always-On Voice Assistant
Wake word: 'Hey Enigma'
Press Ctrl+C to stop

[0;31m❌ SoX not found. Install: brew install sox[0m
🦞 JARVIS — Always-On Voice Assistant
Wake word: 'Hey Enigma'
Press Ctrl+C to stop

[0;31m❌ SoX not found. Install: brew install sox[0m
🦞 JARVIS — Always-On Voice Assistant
Wake word: 'Hey Enigma'
Press Ctrl+C to stop

[0;31m❌ SoX not found. Install: brew install sox[0m
🦞 JARVIS — Always-On Voice Assistant
Wake word: 'Hey Enigma'
Press Ctrl+C to stop

[0;31m❌ SoX not found. Install: brew install sox[0m
🦞 JARVIS — Always-On Voice Assistant
Wake word: 'Hey Enigma'
Press Ctrl+C to stop

[0;31m❌ SoX not found. Install: brew install sox[0m
🦞 JARVIS — Always-On Voice Assistant
Wake word: 'Hey Enigma'
Press Ctrl+C to stop

[0;31m❌ SoX not found. Install: brew install sox[0m
🦞 JARVIS — Always-On Voice Assistant
Wake word: 'Hey Enigma'
Press Ctrl+C to stop

[0;31m❌ SoX not found. Install: brew install sox[0m
🦞 JARVIS — Always-On Voice Assistant
Wake word: 'Hey Enigma'
Press Ctrl+C to stop

[0;31m❌ SoX not found. Install: brew install sox[0m
🦞 JARVIS — Always-On Voice Assistant
Wake word: 'Hey Enigma'
Press Ctrl+C to stop

[0;31m❌ SoX not found. Install: brew install sox[0m
🦞 JARVIS — Always-On Voice Assistant
Wake word: 'Hey Enigma'
Press Ctrl+C to stop

[0;31m❌ SoX not found. Install: brew install sox[0m
🦞 JARVIS — Always-On Voice Assistant
Wake word: 'Hey Enigma'
Press Ctrl+C to stop

[0;31m❌ SoX not found. Install: brew install sox[0m
🦞 JARVIS — Always-On Voice Assistant
Wake word: 'Hey Enigma'
Press Ctrl+C to stop

[0;31m❌ SoX not found. Install: brew install sox[0m
🦞 JARVIS — Always-On Voice Assistant
Wake word: 'Hey Enigma'
Press Ctrl+C to stop

[0;31m❌ SoX not found. Install: brew install sox[0m
🦞 JARVIS — Always-On Voice Assistant
Wake word: 'Hey Enigma'
Press Ctrl+C to stop

[0;31m❌ SoX not found. Install: brew install sox[0m
🦞 JARVIS — Always-On Voice Assistant
Wake word: 'Hey Enigma'
Press Ctrl+C to stop

[0;31m❌ SoX not found. Install: brew install sox[0m
🦞 JARVIS — Always-On Voice Assistant
Wake word: 'Hey Enigma'
Press Ctrl+C to stop

[0;31m❌ SoX not found. Install: brew install sox[0m
🦞 JARVIS — Always-On Voice Assistant
Wake word: 'Hey Enigma'
Press Ctrl+C to stop

[0;31m❌ SoX not found. Install: brew install sox[0m
🦞 JARVIS — Always-On Voice Assistant
Wake word: 'Hey Enigma'
Press Ctrl+C to stop

[0;31m❌ SoX not found. Install: brew install sox[0m
🦞 JARVIS — Always-On Voice Assistant
Wake word: 'Hey Enigma'
Press Ctrl+C to stop

[0;31m❌ SoX not found. Install: brew install sox[0m
🦞 JARVIS — Always-On Voice Assistant
Wake word: 'Hey Enigma'
Press Ctrl+C to stop

[0;31m❌ SoX not found. Install: brew install sox[0m
🦞 JARVIS — Always-On Voice Assistant
Wake word: 'Hey Enigma'
Press Ctrl+C to stop

[0;31m❌ SoX not found. Install: brew install sox[0m
🦞 JARVIS — Always-On Voice Assistant
Wake word: 'Hey Enigma'
Press Ctrl+C to stop

[0;31m❌ SoX not found. Install: brew install sox[0m
🦞 JARVIS — Always-On Voice Assistant
Wake word: 'Hey Enigma'
Press Ctrl+C to stop

[0;31m❌ SoX not found. Install: brew install sox[0m
🦞 JARVIS — Always-On Voice Assistant
Wake word: 'Hey Enigma'
Press Ctrl+C to stop

[0;31m❌ SoX not found. Install: brew install sox[0m
🦞 JARVIS — Always-On Voice Assistant
Wake word: 'Hey Enigma'
Press Ctrl+C to stop

[0;31m❌ SoX not found. Install: brew install sox[0m
🦞 JARVIS — Always-On Voice Assistant
Wake word: 'Hey Enigma'
Press Ctrl+C to stop

[0;31m❌ SoX not found. Install: brew install sox[0m
🦞 JARVIS — Always-On Voice Assistant
Wake word: 'Hey Enigma'
Press Ctrl+C to stop

[0;31m❌ VoxClaw not running. Start it first.[0m
🦞 JARVIS — Always-On Voice Assistant
Wake word: 'Hey Enigma'
Press Ctrl+C to stop

[0;31m❌ VoxClaw not running. Start it first.[0m
🦞 JARVIS — Always-On Voice Assistant
Wake word: 'Hey Enigma'
Press Ctrl+C to stop

[0;31m❌ VoxClaw not running. Start it first.[0m
🦞 JARVIS — Always-On Voice Assistant
Wake word: 'Hey Enigma'
Press Ctrl+C to stop

[0;31m❌ VoxClaw not running. Start it first.[0m
🦞 JARVIS — Always-On Voice Assistant
Wake word: 'Hey Enigma'
Press Ctrl+C to stop

[0;31m❌ VoxClaw not running. Start it first.[0m
🦞 JARVIS — Always-On Voice Assistant
Wake word: 'Hey Enigma'
Press Ctrl+C to stop

[0;31m❌ VoxClaw not running. Start it first.[0m
🦞 JARVIS — Always-On Voice Assistant
Wake word: 'Hey Enigma'
Press Ctrl+C to stop

[0;31m❌ VoxClaw not running. Start it first.[0m
🦞 JARVIS — Always-On Voice Assistant
Wake word: 'Hey Enigma'
Press Ctrl+C to stop

[0;31m❌ VoxClaw not running. Start it first.[0m
🦞 JARVIS — Always-On Voice Assistant
Wake word: 'Hey Enigma'
Press Ctrl+C to stop

[0;31m❌ VoxClaw not running. Start it first.[0m
🦞 JARVIS — Always-On Voice Assistant
Wake word: 'Hey Enigma'
Press Ctrl+C to stop

[0;31m❌ VoxClaw not running. Start it first.[0m
🦞 JARVIS — Always-On Voice Assistant
Wake word: 'Hey Enigma'
Press Ctrl+C to stop

[0;31m❌ VoxClaw not running. Start it first.[0m
🦞 JARVIS — Always-On Voice Assistant
Wake word: 'Hey Enigma'
Press Ctrl+C to stop

[0;31m❌ VoxClaw not running. Start it first.[0m
🦞 JARVIS — Always-On Voice Assistant
Wake word: 'Hey Enigma'
Press Ctrl+C to stop

[0;31m❌ VoxClaw not running. Start it first.[0m
🦞 JARVIS — Always-On Voice Assistant
Wake word: 'Hey Enigma'
Press Ctrl+C to stop

[0;31m❌ VoxClaw not running. Start it first.[0m
🦞 JARVIS — Always-On Voice Assistant
Wake word: 'Hey Enigma'
Press Ctrl+C to stop

[0;31m❌ VoxClaw not running. Start it first.[0m
🦞 JARVIS — Always-On Voice Assistant
Wake word: 'Hey Enigma'
Press Ctrl+C to stop

[0;31m❌ VoxClaw not running. Start it first.[0m
🦞 JARVIS — Always-On Voice Assistant
Wake word: 'Hey Enigma'
Press Ctrl+C to stop

[0;31m❌ VoxClaw not running. Start it first.[0m
🦞 JARVIS — Always-On Voice Assistant
Wake word: 'Hey Enigma'
Press Ctrl+C to stop

[0;31m❌ VoxClaw not running. Start it first.[0m
🦞 JARVIS — Always-On Voice Assistant
Wake word: 'Hey Enigma'
Press Ctrl+C to stop

[0;31m❌ VoxClaw not running. Start it first.[0m
🦞 JARVIS — Always-On Voice Assistant
Wake word: 'Hey Enigma'
Press Ctrl+C to stop

[0;31m❌ VoxClaw not running. Start it first.[0m
🦞 JARVIS — Always-On Voice Assistant
Wake word: 'Hey Enigma'
Press Ctrl+C to stop

[0;32m✅ CLI tools OK[0m
[1;33m⏳ Waiting for VoxClaw...[0m
🦞 JARVIS — Always-On Voice Assistant
Wake word: 'Hey Enigma'
Press Ctrl+C to stop

[0;32m✅ CLI tools OK[0m
[1;33m⏳ Waiting for VoxClaw...[0m
[0;32m✅ VoxClaw ready at http://localhost:4140[0m
[0;32m🔊 Hey Own, Enigma online. I'm listening.[0m
[0;32m🔊 Just say Hey Enigma and I'll handle your tasks.[0m

━━━━━━━━━━━━━━━━━━━━━━━━━━━━━━━━━━
  🦞 JARVIS MODE — ALWAYS LISTENING
  Wake word: 'Hey Enigma'
━━━━━━━━━━━━━━━━━━━━━━━━━━━━━━━━━━

[1;33m⏳ Listening for 'Hey Enigma'...[0m
Skipping /tmp/wake-1776785002.wav due to RuntimeError: Failed to load audio: ffmpeg version 8.0.1 Copyright (c) 2000-2025 the FFmpeg developers
  built with Apple clang version 17.0.0 (clang-1700.6.3.2)
  configuration: --prefix=/opt/homebrew/Cellar/ffmpeg/8.0.1_3 --enable-shared --enable-pthreads --enable-version3 --cc=clang --host-cflags= --host-ldflags= --enable-ffplay --enable-gpl --enable-libsvtav1 --enable-libopus --enable-libx264 --enable-libmp3lame --enable-libdav1d --enable-libvpx --enable-libx265 --enable-openssl --enable-videotoolbox --enable-audiotoolbox --enable-neon
  libavutil      60.  8.100 / 60.  8.100
  libavcodec     62. 11.100 / 62. 11.100
  libavformat    62.  3.100 / 62.  3.100
  libavdevice    62.  1.100 / 62.  1.100
  libavfilter    11.  4.100 / 11.  4.100
  libswscale      9.  1.100 /  9.  1.100
  libswresample   6.  1.100 /  6.  1.100
[in#0 @ 0x8e4c14000] Error opening input: No such file or directory
Error opening input file /tmp/wake-1776785002.wav.
Error opening input files: No such file or directory


[1;33m⏳ Listening for 'Hey Enigma'...[0m
Skipping /tmp/wake-1776785015.wav due to RuntimeError: Failed to load audio: ffmpeg version 8.0.1 Copyright (c) 2000-2025 the FFmpeg developers
  built with Apple clang version 17.0.0 (clang-1700.6.3.2)
  configuration: --prefix=/opt/homebrew/Cellar/ffmpeg/8.0.1_3 --enable-shared --enable-pthreads --enable-version3 --cc=clang --host-cflags= --host-ldflags= --enable-ffplay --enable-gpl --enable-libsvtav1 --enable-libopus --enable-libx264 --enable-libmp3lame --enable-libdav1d --enable-libvpx --enable-libx265 --enable-openssl --enable-videotoolbox --enable-audiotoolbox --enable-neon
  libavutil      60.  8.100 / 60.  8.100
  libavcodec     62. 11.100 / 62. 11.100
  libavformat    62.  3.100 / 62.  3.100
  libavdevice    62.  1.100 / 62.  1.100
  libavfilter    11.  4.100 / 11.  4.100
  libswscale      9.  1.100 /  9.  1.100
  libswresample   6.  1.100 /  6.  1.100
[in#0 @ 0x764804000] Error opening input: No such file or directory
Error opening input file /tmp/wake-1776785015.wav.
Error opening input files: No such file or directory


[1;33m⏳ Listening for 'Hey Enigma'...[0m
Skipping /tmp/wake-1776785018.wav due to RuntimeError: Failed to load audio: ffmpeg version 8.0.1 Copyright (c) 2000-2025 the FFmpeg developers
  built with Apple clang version 17.0.0 (clang-1700.6.3.2)
  configuration: --prefix=/opt/homebrew/Cellar/ffmpeg/8.0.1_3 --enable-shared --enable-pthreads --enable-version3 --cc=clang --host-cflags= --host-ldflags= --enable-ffplay --enable-gpl --enable-libsvtav1 --enable-libopus --enable-libx264 --enable-libmp3lame --enable-libdav1d --enable-libvpx --enable-libx265 --enable-openssl --enable-videotoolbox --enable-audiotoolbox --enable-neon
  libavutil      60.  8.100 / 60.  8.100
  libavcodec     62. 11.100 / 62. 11.100
  libavformat    62.  3.100 / 62.  3.100
  libavdevice    62.  1.100 / 62.  1.100
  libavfilter    11.  4.100 / 11.  4.100
  libswscale      9.  1.100 /  9.  1.100
  libswresample   6.  1.100 /  6.  1.100
[in#0 @ 0xa56c14000] Error opening input: No such file or directory
Error opening input file /tmp/wake-1776785018.wav.
Error opening input files: No such file or directory


[1;33m⏳ Listening for 'Hey Enigma'...[0m
Skipping /tmp/wake-1776785020.wav due to RuntimeError: Failed to load audio: ffmpeg version 8.0.1 Copyright (c) 2000-2025 the FFmpeg developers
  built with Apple clang version 17.0.0 (clang-1700.6.3.2)
  configuration: --prefix=/opt/homebrew/Cellar/ffmpeg/8.0.1_3 --enable-shared --enable-pthreads --enable-version3 --cc=clang --host-cflags= --host-ldflags= --enable-ffplay --enable-gpl --enable-libsvtav1 --enable-libopus --enable-libx264 --enable-libmp3lame --enable-libdav1d --enable-libvpx --enable-libx265 --enable-openssl --enable-videotoolbox --enable-audiotoolbox --enable-neon
  libavutil      60.  8.100 / 60.  8.100
  libavcodec     62. 11.100 / 62. 11.100
  libavformat    62.  3.100 / 62.  3.100
  libavdevice    62.  1.100 / 62.  1.100
  libavfilter    11.  4.100 / 11.  4.100
  libswscale      9.  1.100 /  9.  1.100
  libswresample   6.  1.100 /  6.  1.100
[in#0 @ 0x8f1408000] Error opening input: No such file or directory
Error opening input file /tmp/wake-1776785020.wav.
Error opening input files: No such file or directory


[1;33m⏳ Listening for 'Hey Enigma'...[0m
Skipping /tmp/wake-1776785022.wav due to RuntimeError: Failed to load audio: ffmpeg version 8.0.1 Copyright (c) 2000-2025 the FFmpeg developers
  built with Apple clang version 17.0.0 (clang-1700.6.3.2)
  configuration: --prefix=/opt/homebrew/Cellar/ffmpeg/8.0.1_3 --enable-shared --enable-pthreads --enable-version3 --cc=clang --host-cflags= --host-ldflags= --enable-ffplay --enable-gpl --enable-libsvtav1 --enable-libopus --enable-libx264 --enable-libmp3lame --enable-libdav1d --enable-libvpx --enable-libx265 --enable-openssl --enable-videotoolbox --enable-audiotoolbox --enable-neon
  libavutil      60.  8.100 / 60.  8.100
  libavcodec     62. 11.100 / 62. 11.100
  libavformat    62.  3.100 / 62.  3.100
  libavdevice    62.  1.100 / 62.  1.100
  libavfilter    11.  4.100 / 11.  4.100
  libswscale      9.  1.100 /  9.  1.100
  libswresample   6.  1.100 /  6.  1.100
[in#0 @ 0xa7680c000] Error opening input: No such file or directory
Error opening input file /tmp/wake-1776785022.wav.
Error opening input files: No such file or directory


[1;33m⏳ Listening for 'Hey Enigma'...[0m
Skipping /tmp/wake-1776785026.wav due to RuntimeError: Failed to load audio: ffmpeg version 8.0.1 Copyright (c) 2000-2025 the FFmpeg developers
  built with Apple clang version 17.0.0 (clang-1700.6.3.2)
  configuration: --prefix=/opt/homebrew/Cellar/ffmpeg/8.0.1_3 --enable-shared --enable-pthreads --enable-version3 --cc=clang --host-cflags= --host-ldflags= --enable-ffplay --enable-gpl --enable-libsvtav1 --enable-libopus --enable-libx264 --enable-libmp3lame --enable-libdav1d --enable-libvpx --enable-libx265 --enable-openssl --enable-videotoolbox --enable-audiotoolbox --enable-neon
  libavutil      60.  8.100 / 60.  8.100
  libavcodec     62. 11.100 / 62. 11.100
  libavformat    62.  3.100 / 62.  3.100
  libavdevice    62.  1.100 / 62.  1.100
  libavfilter    11.  4.100 / 11.  4.100
  libswscale      9.  1.100 /  9.  1.100
  libswresample   6.  1.100 /  6.  1.100
[in#0 @ 0x84cc10000] Error opening input: No such file or directory
Error opening input file /tmp/wake-1776785026.wav.
Error opening input files: No such file or directory


[1;33m⏳ Listening for 'Hey Enigma'...[0m
Skipping /tmp/wake-1776785029.wav due to RuntimeError: Failed to load audio: ffmpeg version 8.0.1 Copyright (c) 2000-2025 the FFmpeg developers
  built with Apple clang version 17.0.0 (clang-1700.6.3.2)
  configuration: --prefix=/opt/homebrew/Cellar/ffmpeg/8.0.1_3 --enable-shared --enable-pthreads --enable-version3 --cc=clang --host-cflags= --host-ldflags= --enable-ffplay --enable-gpl --enable-libsvtav1 --enable-libopus --enable-libx264 --enable-libmp3lame --enable-libdav1d --enable-libvpx --enable-libx265 --enable-openssl --enable-videotoolbox --enable-audiotoolbox --enable-neon
  libavutil      60.  8.100 / 60.  8.100
  libavcodec     62. 11.100 / 62. 11.100
  libavformat    62.  3.100 / 62.  3.100
  libavdevice    62.  1.100 / 62.  1.100
  libavfilter    11.  4.100 / 11.  4.100
  libswscale      9.  1.100 /  9.  1.100
  libswresample   6.  1.100 /  6.  1.100
[in#0 @ 0xb03014000] Error opening input: No such file or directory
Error opening input file /tmp/wake-1776785029.wav.
Error opening input files: No such file or directory


[1;33m⏳ Listening for 'Hey Enigma'...[0m
Skipping /tmp/wake-1776785031.wav due to RuntimeError: Failed to load audio: ffmpeg version 8.0.1 Copyright (c) 2000-2025 the FFmpeg developers
  built with Apple clang version 17.0.0 (clang-1700.6.3.2)
  configuration: --prefix=/opt/homebrew/Cellar/ffmpeg/8.0.1_3 --enable-shared --enable-pthreads --enable-version3 --cc=clang --host-cflags= --host-ldflags= --enable-ffplay --enable-gpl --enable-libsvtav1 --enable-libopus --enable-libx264 --enable-libmp3lame --enable-libdav1d --enable-libvpx --enable-libx265 --enable-openssl --enable-videotoolbox --enable-audiotoolbox --enable-neon
  libavutil      60.  8.100 / 60.  8.100
  libavcodec     62. 11.100 / 62. 11.100
  libavformat    62.  3.100 / 62.  3.100
  libavdevice    62.  1.100 / 62.  1.100
  libavfilter    11.  4.100 / 11.  4.100
  libswscale      9.  1.100 /  9.  1.100
  libswresample   6.  1.100 /  6.  1.100
[in#0 @ 0xaf1018000] Error opening input: No such file or directory
Error opening input file /tmp/wake-1776785031.wav.
Error opening input files: No such file or directory


[1;33m⏳ Listening for 'Hey Enigma'...[0m
Skipping /tmp/wake-1776785034.wav due to RuntimeError: Failed to load audio: ffmpeg version 8.0.1 Copyright (c) 2000-2025 the FFmpeg developers
  built with Apple clang version 17.0.0 (clang-1700.6.3.2)
  configuration: --prefix=/opt/homebrew/Cellar/ffmpeg/8.0.1_3 --enable-shared --enable-pthreads --enable-version3 --cc=clang --host-cflags= --host-ldflags= --enable-ffplay --enable-gpl --enable-libsvtav1 --enable-libopus --enable-libx264 --enable-libmp3lame --enable-libdav1d --enable-libvpx --enable-libx265 --enable-openssl --enable-videotoolbox --enable-audiotoolbox --enable-neon
  libavutil      60.  8.100 / 60.  8.100
  libavcodec     62. 11.100 / 62. 11.100
  libavformat    62.  3.100 / 62.  3.100
  libavdevice    62.  1.100 / 62.  1.100
  libavfilter    11.  4.100 / 11.  4.100
  libswscale      9.  1.100 /  9.  1.100
  libswresample   6.  1.100 /  6.  1.100
[in#0 @ 0xa90c10000] Error opening input: No such file or directory
Error opening input file /tmp/wake-1776785034.wav.
Error opening input files: No such file or directory


[1;33m⏳ Listening for 'Hey Enigma'...[0m
Skipping /tmp/wake-1776785037.wav due to RuntimeError: Failed to load audio: ffmpeg version 8.0.1 Copyright (c) 2000-2025 the FFmpeg developers
  built with Apple clang version 17.0.0 (clang-1700.6.3.2)
  configuration: --prefix=/opt/homebrew/Cellar/ffmpeg/8.0.1_3 --enable-shared --enable-pthreads --enable-version3 --cc=clang --host-cflags= --host-ldflags= --enable-ffplay --enable-gpl --enable-libsvtav1 --enable-libopus --enable-libx264 --enable-libmp3lame --enable-libdav1d --enable-libvpx --enable-libx265 --enable-openssl --enable-videotoolbox --enable-audiotoolbox --enable-neon
  libavutil      60.  8.100 / 60.  8.100
  libavcodec     62. 11.100 / 62. 11.100
  libavformat    62.  3.100 / 62.  3.100
  libavdevice    62.  1.100 / 62.  1.100
  libavfilter    11.  4.100 / 11.  4.100
  libswscale      9.  1.100 /  9.  1.100
  libswresample   6.  1.100 /  6.  1.100
[in#0 @ 0x74540c000] Error opening input: No such file or directory
Error opening input file /tmp/wake-1776785037.wav.
Error opening input files: No such file or directory


[1;33m⏳ Listening for 'Hey Enigma'...[0m
Skipping /tmp/wake-1776785039.wav due to RuntimeError: Failed to load audio: ffmpeg version 8.0.1 Copyright (c) 2000-2025 the FFmpeg developers
  built with Apple clang version 17.0.0 (clang-1700.6.3.2)
  configuration: --prefix=/opt/homebrew/Cellar/ffmpeg/8.0.1_3 --enable-shared --enable-pthreads --enable-version3 --cc=clang --host-cflags= --host-ldflags= --enable-ffplay --enable-gpl --enable-libsvtav1 --enable-libopus --enable-libx264 --enable-libmp3lame --enable-libdav1d --enable-libvpx --enable-libx265 --enable-openssl --enable-videotoolbox --enable-audiotoolbox --enable-neon
  libavutil      60.  8.100 / 60.  8.100
  libavcodec     62. 11.100 / 62. 11.100
  libavformat    62.  3.100 / 62.  3.100
  libavdevice    62.  1.100 / 62.  1.100
  libavfilter    11.  4.100 / 11.  4.100
  libswscale      9.  1.100 /  9.  1.100
  libswresample   6.  1.100 /  6.  1.100
[in#0 @ 0xa9d804000] Error opening input: No such file or directory
Error opening input file /tmp/wake-1776785039.wav.
Error opening input files: No such file or directory


[1;33m⏳ Listening for 'Hey Enigma'...[0m
Skipping /tmp/wake-1776785043.wav due to RuntimeError: Failed to load audio: ffmpeg version 8.0.1 Copyright (c) 2000-2025 the FFmpeg developers
  built with Apple clang version 17.0.0 (clang-1700.6.3.2)
  configuration: --prefix=/opt/homebrew/Cellar/ffmpeg/8.0.1_3 --enable-shared --enable-pthreads --enable-version3 --cc=clang --host-cflags= --host-ldflags= --enable-ffplay --enable-gpl --enable-libsvtav1 --enable-libopus --enable-libx264 --enable-libmp3lame --enable-libdav1d --enable-libvpx --enable-libx265 --enable-openssl --enable-videotoolbox --enable-audiotoolbox --enable-neon
  libavutil      60.  8.100 / 60.  8.100
  libavcodec     62. 11.100 / 62. 11.100
  libavformat    62.  3.100 / 62.  3.100
  libavdevice    62.  1.100 / 62.  1.100
  libavfilter    11.  4.100 / 11.  4.100
  libswscale      9.  1.100 /  9.  1.100
  libswresample   6.  1.100 /  6.  1.100
[in#0 @ 0x809014000] Error opening input: No such file or directory
Error opening input file /tmp/wake-1776785043.wav.
Error opening input files: No such file or directory


[1;33m⏳ Listening for 'Hey Enigma'...[0m
Skipping /tmp/wake-1776785045.wav due to RuntimeError: Failed to load audio: ffmpeg version 8.0.1 Copyright (c) 2000-2025 the FFmpeg developers
  built with Apple clang version 17.0.0 (clang-1700.6.3.2)
  configuration: --prefix=/opt/homebrew/Cellar/ffmpeg/8.0.1_3 --enable-shared --enable-pthreads --enable-version3 --cc=clang --host-cflags= --host-ldflags= --enable-ffplay --enable-gpl --enable-libsvtav1 --enable-libopus --enable-libx264 --enable-libmp3lame --enable-libdav1d --enable-libvpx --enable-libx265 --enable-openssl --enable-videotoolbox --enable-audiotoolbox --enable-neon
  libavutil      60.  8.100 / 60.  8.100
  libavcodec     62. 11.100 / 62. 11.100
  libavformat    62.  3.100 / 62.  3.100
  libavdevice    62.  1.100 / 62.  1.100
  libavfilter    11.  4.100 / 11.  4.100
  libswscale      9.  1.100 /  9.  1.100
  libswresample   6.  1.100 /  6.  1.100
[in#0 @ 0x78f014000] Error opening input: No such file or directory
Error opening input file /tmp/wake-1776785045.wav.
Error opening input files: No such file or directory


[1;33m⏳ Listening for 'Hey Enigma'...[0m
Skipping /tmp/wake-1776785048.wav due to RuntimeError: Failed to load audio: ffmpeg version 8.0.1 Copyright (c) 2000-2025 the FFmpeg developers
  built with Apple clang version 17.0.0 (clang-1700.6.3.2)
  configuration: --prefix=/opt/homebrew/Cellar/ffmpeg/8.0.1_3 --enable-shared --enable-pthreads --enable-version3 --cc=clang --host-cflags= --host-ldflags= --enable-ffplay --enable-gpl --enable-libsvtav1 --enable-libopus --enable-libx264 --enable-libmp3lame --enable-libdav1d --enable-libvpx --enable-libx265 --enable-openssl --enable-videotoolbox --enable-audiotoolbox --enable-neon
  libavutil      60.  8.100 / 60.  8.100
  libavcodec     62. 11.100 / 62. 11.100
  libavformat    62.  3.100 / 62.  3.100
  libavdevice    62.  1.100 / 62.  1.100
  libavfilter    11.  4.100 / 11.  4.100
  libswscale      9.  1.100 /  9.  1.100
  libswresample   6.  1.100 /  6.  1.100
[in#0 @ 0x9c0808000] Error opening input: No such file or directory
Error opening input file /tmp/wake-1776785048.wav.
Error opening input files: No such file or directory


[1;33m⏳ Listening for 'Hey Enigma'...[0m
Skipping /tmp/wake-1776785050.wav due to RuntimeError: Failed to load audio: ffmpeg version 8.0.1 Copyright (c) 2000-2025 the FFmpeg developers
  built with Apple clang version 17.0.0 (clang-1700.6.3.2)
  configuration: --prefix=/opt/homebrew/Cellar/ffmpeg/8.0.1_3 --enable-shared --enable-pthreads --enable-version3 --cc=clang --host-cflags= --host-ldflags= --enable-ffplay --enable-gpl --enable-libsvtav1 --enable-libopus --enable-libx264 --enable-libmp3lame --enable-libdav1d --enable-libvpx --enable-libx265 --enable-openssl --enable-videotoolbox --enable-audiotoolbox --enable-neon
  libavutil      60.  8.100 / 60.  8.100
  libavcodec     62. 11.100 / 62. 11.100
  libavformat    62.  3.100 / 62.  3.100
  libavdevice    62.  1.100 / 62.  1.100
  libavfilter    11.  4.100 / 11.  4.100
  libswscale      9.  1.100 /  9.  1.100
  libswresample   6.  1.100 /  6.  1.100
[in#0 @ 0x85a404000] Error opening input: No such file or directory
Error opening input file /tmp/wake-1776785050.wav.
Error opening input files: No such file or directory


[1;33m⏳ Listening for 'Hey Enigma'...[0m
Skipping /tmp/wake-1776785054.wav due to RuntimeError: Failed to load audio: ffmpeg version 8.0.1 Copyright (c) 2000-2025 the FFmpeg developers
  built with Apple clang version 17.0.0 (clang-1700.6.3.2)
  configuration: --prefix=/opt/homebrew/Cellar/ffmpeg/8.0.1_3 --enable-shared --enable-pthreads --enable-version3 --cc=clang --host-cflags= --host-ldflags= --enable-ffplay --enable-gpl --enable-libsvtav1 --enable-libopus --enable-libx264 --enable-libmp3lame --enable-libdav1d --enable-libvpx --enable-libx265 --enable-openssl --enable-videotoolbox --enable-audiotoolbox --enable-neon
  libavutil      60.  8.100 / 60.  8.100
  libavcodec     62. 11.100 / 62. 11.100
  libavformat    62.  3.100 / 62.  3.100
  libavdevice    62.  1.100 / 62.  1.100
  libavfilter    11.  4.100 / 11.  4.100
  libswscale      9.  1.100 /  9.  1.100
  libswresample   6.  1.100 /  6.  1.100
[in#0 @ 0x9f8c14000] Error opening input: No such file or directory
Error opening input file /tmp/wake-1776785054.wav.
Error opening input files: No such file or directory


[1;33m⏳ Listening for 'Hey Enigma'...[0m
Skipping /tmp/wake-1776785056.wav due to RuntimeError: Failed to load audio: ffmpeg version 8.0.1 Copyright (c) 2000-2025 the FFmpeg developers
  built with Apple clang version 17.0.0 (clang-1700.6.3.2)
  configuration: --prefix=/opt/homebrew/Cellar/ffmpeg/8.0.1_3 --enable-shared --enable-pthreads --enable-version3 --cc=clang --host-cflags= --host-ldflags= --enable-ffplay --enable-gpl --enable-libsvtav1 --enable-libopus --enable-libx264 --enable-libmp3lame --enable-libdav1d --enable-libvpx --enable-libx265 --enable-openssl --enable-videotoolbox --enable-audiotoolbox --enable-neon
  libavutil      60.  8.100 / 60.  8.100
  libavcodec     62. 11.100 / 62. 11.100
  libavformat    62.  3.100 / 62.  3.100
  libavdevice    62.  1.100 / 62.  1.100
  libavfilter    11.  4.100 / 11.  4.100
  libswscale      9.  1.100 /  9.  1.100
  libswresample   6.  1.100 /  6.  1.100
[in#0 @ 0x984804000] Error opening input: No such file or directory
Error opening input file /tmp/wake-1776785056.wav.
Error opening input files: No such file or directory


[1;33m⏳ Listening for 'Hey Enigma'...[0m
Skipping /tmp/wake-1776785059.wav due to RuntimeError: Failed to load audio: ffmpeg version 8.0.1 Copyright (c) 2000-2025 the FFmpeg developers
  built with Apple clang version 17.0.0 (clang-1700.6.3.2)
  configuration: --prefix=/opt/homebrew/Cellar/ffmpeg/8.0.1_3 --enable-shared --enable-pthreads --enable-version3 --cc=clang --host-cflags= --host-ldflags= --enable-ffplay --enable-gpl --enable-libsvtav1 --enable-libopus --enable-libx264 --enable-libmp3lame --enable-libdav1d --enable-libvpx --enable-libx265 --enable-openssl --enable-videotoolbox --enable-audiotoolbox --enable-neon
  libavutil      60.  8.100 / 60.  8.100
  libavcodec     62. 11.100 / 62. 11.100
  libavformat    62.  3.100 / 62.  3.100
  libavdevice    62.  1.100 / 62.  1.100
  libavfilter    11.  4.100 / 11.  4.100
  libswscale      9.  1.100 /  9.  1.100
  libswresample   6.  1.100 /  6.  1.100
[in#0 @ 0xc86c14000] Error opening input: No such file or directory
Error opening input file /tmp/wake-1776785059.wav.
Error opening input files: No such file or directory


[1;33m⏳ Listening for 'Hey Enigma'...[0m
Skipping /tmp/wake-1776785062.wav due to RuntimeError: Failed to load audio: ffmpeg version 8.0.1 Copyright (c) 2000-2025 the FFmpeg developers
  built with Apple clang version 17.0.0 (clang-1700.6.3.2)
  configuration: --prefix=/opt/homebrew/Cellar/ffmpeg/8.0.1_3 --enable-shared --enable-pthreads --enable-version3 --cc=clang --host-cflags= --host-ldflags= --enable-ffplay --enable-gpl --enable-libsvtav1 --enable-libopus --enable-libx264 --enable-libmp3lame --enable-libdav1d --enable-libvpx --enable-libx265 --enable-openssl --enable-videotoolbox --enable-audiotoolbox --enable-neon
  libavutil      60.  8.100 / 60.  8.100
  libavcodec     62. 11.100 / 62. 11.100
  libavformat    62.  3.100 / 62.  3.100
  libavdevice    62.  1.100 / 62.  1.100
  libavfilter    11.  4.100 / 11.  4.100
  libswscale      9.  1.100 /  9.  1.100
  libswresample   6.  1.100 /  6.  1.100
[in#0 @ 0xb64c14000] Error opening input: No such file or directory
Error opening input file /tmp/wake-1776785062.wav.
Error opening input files: No such file or directory


[1;33m⏳ Listening for 'Hey Enigma'...[0m
Skipping /tmp/wake-1776785070.wav due to RuntimeError: Failed to load audio: ffmpeg version 8.0.1 Copyright (c) 2000-2025 the FFmpeg developers
  built with Apple clang version 17.0.0 (clang-1700.6.3.2)
  configuration: --prefix=/opt/homebrew/Cellar/ffmpeg/8.0.1_3 --enable-shared --enable-pthreads --enable-version3 --cc=clang --host-cflags= --host-ldflags= --enable-ffplay --enable-gpl --enable-libsvtav1 --enable-libopus --enable-libx264 --enable-libmp3lame --enable-libdav1d --enable-libvpx --enable-libx265 --enable-openssl --enable-videotoolbox --enable-audiotoolbox --enable-neon
  libavutil      60.  8.100 / 60.  8.100
  libavcodec     62. 11.100 / 62. 11.100
  libavformat    62.  3.100 / 62.  3.100
  libavdevice    62.  1.100 / 62.  1.100
  libavfilter    11.  4.100 / 11.  4.100
  libswscale      9.  1.100 /  9.  1.100
  libswresample   6.  1.100 /  6.  1.100
[in#0 @ 0x883408000] Error opening input: No such file or directory
Error opening input file /tmp/wake-1776785070.wav.
Error opening input files: No such file or directory


[1;33m⏳ Listening for 'Hey Enigma'...[0m
Skipping /tmp/wake-1776785074.wav due to RuntimeError: Failed to load audio: ffmpeg version 8.0.1 Copyright (c) 2000-2025 the FFmpeg developers
  built with Apple clang version 17.0.0 (clang-1700.6.3.2)
  configuration: --prefix=/opt/homebrew/Cellar/ffmpeg/8.0.1_3 --enable-shared --enable-pthreads --enable-version3 --cc=clang --host-cflags= --host-ldflags= --enable-ffplay --enable-gpl --enable-libsvtav1 --enable-libopus --enable-libx264 --enable-libmp3lame --enable-libdav1d --enable-libvpx --enable-libx265 --enable-openssl --enable-videotoolbox --enable-audiotoolbox --enable-neon
  libavutil      60.  8.100 / 60.  8.100
  libavcodec     62. 11.100 / 62. 11.100
  libavformat    62.  3.100 / 62.  3.100
  libavdevice    62.  1.100 / 62.  1.100
  libavfilter    11.  4.100 / 11.  4.100
  libswscale      9.  1.100 /  9.  1.100
  libswresample   6.  1.100 /  6.  1.100
[in#0 @ 0xaf4804000] Error opening input: No such file or directory
Error opening input file /tmp/wake-1776785074.wav.
Error opening input files: No such file or directory


[1;33m⏳ Listening for 'Hey Enigma'...[0m
Skipping /tmp/wake-1776785082.wav due to RuntimeError: Failed to load audio: ffmpeg version 8.0.1 Copyright (c) 2000-2025 the FFmpeg developers
  built with Apple clang version 17.0.0 (clang-1700.6.3.2)
  configuration: --prefix=/opt/homebrew/Cellar/ffmpeg/8.0.1_3 --enable-shared --enable-pthreads --enable-version3 --cc=clang --host-cflags= --host-ldflags= --enable-ffplay --enable-gpl --enable-libsvtav1 --enable-libopus --enable-libx264 --enable-libmp3lame --enable-libdav1d --enable-libvpx --enable-libx265 --enable-openssl --enable-videotoolbox --enable-audiotoolbox --enable-neon
  libavutil      60.  8.100 / 60.  8.100
  libavcodec     62. 11.100 / 62. 11.100
  libavformat    62.  3.100 / 62.  3.100
  libavdevice    62.  1.100 / 62.  1.100
  libavfilter    11.  4.100 / 11.  4.100
  libswscale      9.  1.100 /  9.  1.100
  libswresample   6.  1.100 /  6.  1.100
[in#0 @ 0xb02c10000] Error opening input: No such file or directory
Error opening input file /tmp/wake-1776785082.wav.
Error opening input files: No such file or directory


[1;33m⏳ Listening for 'Hey Enigma'...[0m
Skipping /tmp/wake-1776785086.wav due to RuntimeError: Failed to load audio: ffmpeg version 8.0.1 Copyright (c) 2000-2025 the FFmpeg developers
  built with Apple clang version 17.0.0 (clang-1700.6.3.2)
  configuration: --prefix=/opt/homebrew/Cellar/ffmpeg/8.0.1_3 --enable-shared --enable-pthreads --enable-version3 --cc=clang --host-cflags= --host-ldflags= --enable-ffplay --enable-gpl --enable-libsvtav1 --enable-libopus --enable-libx264 --enable-libmp3lame --enable-libdav1d --enable-libvpx --enable-libx265 --enable-openssl --enable-videotoolbox --enable-audiotoolbox --enable-neon
  libavutil      60.  8.100 / 60.  8.100
  libavcodec     62. 11.100 / 62. 11.100
  libavformat    62.  3.100 / 62.  3.100
  libavdevice    62.  1.100 / 62.  1.100
  libavfilter    11.  4.100 / 11.  4.100
  libswscale      9.  1.100 /  9.  1.100
  libswresample   6.  1.100 /  6.  1.100
[in#0 @ 0xb0f804000] Error opening input: No such file or directory
Error opening input file /tmp/wake-1776785086.wav.
Error opening input files: No such file or directory


[1;33m⏳ Listening for 'Hey Enigma'...[0m
Skipping /tmp/wake-1776785089.wav due to RuntimeError: Failed to load audio: ffmpeg version 8.0.1 Copyright (c) 2000-2025 the FFmpeg developers
  built with Apple clang version 17.0.0 (clang-1700.6.3.2)
  configuration: --prefix=/opt/homebrew/Cellar/ffmpeg/8.0.1_3 --enable-shared --enable-pthreads --enable-version3 --cc=clang --host-cflags= --host-ldflags= --enable-ffplay --enable-gpl --enable-libsvtav1 --enable-libopus --enable-libx264 --enable-libmp3lame --enable-libdav1d --enable-libvpx --enable-libx265 --enable-openssl --enable-videotoolbox --enable-audiotoolbox --enable-neon
  libavutil      60.  8.100 / 60.  8.100
  libavcodec     62. 11.100 / 62. 11.100
  libavformat    62.  3.100 / 62.  3.100
  libavdevice    62.  1.100 / 62.  1.100
  libavfilter    11.  4.100 / 11.  4.100
  libswscale      9.  1.100 /  9.  1.100
  libswresample   6.  1.100 /  6.  1.100
[in#0 @ 0x95f010000] Error opening input: No such file or directory
Error opening input file /tmp/wake-1776785089.wav.
Error opening input files: No such file or directory


[1;33m⏳ Listening for 'Hey Enigma'...[0m
Skipping /tmp/wake-1776785092.wav due to RuntimeError: Failed to load audio: ffmpeg version 8.0.1 Copyright (c) 2000-2025 the FFmpeg developers
  built with Apple clang version 17.0.0 (clang-1700.6.3.2)
  configuration: --prefix=/opt/homebrew/Cellar/ffmpeg/8.0.1_3 --enable-shared --enable-pthreads --enable-version3 --cc=clang --host-cflags= --host-ldflags= --enable-ffplay --enable-gpl --enable-libsvtav1 --enable-libopus --enable-libx264 --enable-libmp3lame --enable-libdav1d --enable-libvpx --enable-libx265 --enable-openssl --enable-videotoolbox --enable-audiotoolbox --enable-neon
  libavutil      60.  8.100 / 60.  8.100
  libavcodec     62. 11.100 / 62. 11.100
  libavformat    62.  3.100 / 62.  3.100
  libavdevice    62.  1.100 / 62.  1.100
  libavfilter    11.  4.100 / 11.  4.100
  libswscale      9.  1.100 /  9.  1.100
  libswresample   6.  1.100 /  6.  1.100
[in#0 @ 0x947008000] Error opening input: No such file or directory
Error opening input file /tmp/wake-1776785092.wav.
Error opening input files: No such file or directory


[1;33m⏳ Listening for 'Hey Enigma'...[0m
Skipping /tmp/wake-1776785096.wav due to RuntimeError: Failed to load audio: ffmpeg version 8.0.1 Copyright (c) 2000-2025 the FFmpeg developers
  built with Apple clang version 17.0.0 (clang-1700.6.3.2)
  configuration: --prefix=/opt/homebrew/Cellar/ffmpeg/8.0.1_3 --enable-shared --enable-pthreads --enable-version3 --cc=clang --host-cflags= --host-ldflags= --enable-ffplay --enable-gpl --enable-libsvtav1 --enable-libopus --enable-libx264 --enable-libmp3lame --enable-libdav1d --enable-libvpx --enable-libx265 --enable-openssl --enable-videotoolbox --enable-audiotoolbox --enable-neon
  libavutil      60.  8.100 / 60.  8.100
  libavcodec     62. 11.100 / 62. 11.100
  libavformat    62.  3.100 / 62.  3.100
  libavdevice    62.  1.100 / 62.  1.100
  libavfilter    11.  4.100 / 11.  4.100
  libswscale      9.  1.100 /  9.  1.100
  libswresample   6.  1.100 /  6.  1.100
[in#0 @ 0xa80c0c000] Error opening input: No such file or directory
Error opening input file /tmp/wake-1776785096.wav.
Error opening input files: No such file or directory


[1;33m⏳ Listening for 'Hey Enigma'...[0m
Skipping /tmp/wake-1776785099.wav due to RuntimeError: Failed to load audio: ffmpeg version 8.0.1 Copyright (c) 2000-2025 the FFmpeg developers
  built with Apple clang version 17.0.0 (clang-1700.6.3.2)
  configuration: --prefix=/opt/homebrew/Cellar/ffmpeg/8.0.1_3 --enable-shared --enable-pthreads --enable-version3 --cc=clang --host-cflags= --host-ldflags= --enable-ffplay --enable-gpl --enable-libsvtav1 --enable-libopus --enable-libx264 --enable-libmp3lame --enable-libdav1d --enable-libvpx --enable-libx265 --enable-openssl --enable-videotoolbox --enable-audiotoolbox --enable-neon
  libavutil      60.  8.100 / 60.  8.100
  libavcodec     62. 11.100 / 62. 11.100
  libavformat    62.  3.100 / 62.  3.100
  libavdevice    62.  1.100 / 62.  1.100
  libavfilter    11.  4.100 / 11.  4.100
  libswscale      9.  1.100 /  9.  1.100
  libswresample   6.  1.100 /  6.  1.100
[in#0 @ 0xb0c804000] Error opening input: No such file or directory
Error opening input file /tmp/wake-1776785099.wav.
Error opening input files: No such file or directory


[1;33m⏳ Listening for 'Hey Enigma'...[0m
Skipping /tmp/wake-1776785101.wav due to RuntimeError: Failed to load audio: ffmpeg version 8.0.1 Copyright (c) 2000-2025 the FFmpeg developers
  built with Apple clang version 17.0.0 (clang-1700.6.3.2)
  configuration: --prefix=/opt/homebrew/Cellar/ffmpeg/8.0.1_3 --enable-shared --enable-pthreads --enable-version3 --cc=clang --host-cflags= --host-ldflags= --enable-ffplay --enable-gpl --enable-libsvtav1 --enable-libopus --enable-libx264 --enable-libmp3lame --enable-libdav1d --enable-libvpx --enable-libx265 --enable-openssl --enable-videotoolbox --enable-audiotoolbox --enable-neon
  libavutil      60.  8.100 / 60.  8.100
  libavcodec     62. 11.100 / 62. 11.100
  libavformat    62.  3.100 / 62.  3.100
  libavdevice    62.  1.100 / 62.  1.100
  libavfilter    11.  4.100 / 11.  4.100
  libswscale      9.  1.100 /  9.  1.100
  libswresample   6.  1.100 /  6.  1.100
[in#0 @ 0x9c500c000] Error opening input: No such file or directory
Error opening input file /tmp/wake-1776785101.wav.
Error opening input files: No such file or directory


[1;33m⏳ Listening for 'Hey Enigma'...[0m
Skipping /tmp/wake-1776785104.wav due to RuntimeError: Failed to load audio: ffmpeg version 8.0.1 Copyright (c) 2000-2025 the FFmpeg developers
  built with Apple clang version 17.0.0 (clang-1700.6.3.2)
  configuration: --prefix=/opt/homebrew/Cellar/ffmpeg/8.0.1_3 --enable-shared --enable-pthreads --enable-version3 --cc=clang --host-cflags= --host-ldflags= --enable-ffplay --enable-gpl --enable-libsvtav1 --enable-libopus --enable-libx264 --enable-libmp3lame --enable-libdav1d --enable-libvpx --enable-libx265 --enable-openssl --enable-videotoolbox --enable-audiotoolbox --enable-neon
  libavutil      60.  8.100 / 60.  8.100
  libavcodec     62. 11.100 / 62. 11.100
  libavformat    62.  3.100 / 62.  3.100
  libavdevice    62.  1.100 / 62.  1.100
  libavfilter    11.  4.100 / 11.  4.100
  libswscale      9.  1.100 /  9.  1.100
  libswresample   6.  1.100 /  6.  1.100
[in#0 @ 0xb0e804000] Error opening input: No such file or directory
Error opening input file /tmp/wake-1776785104.wav.
Error opening input files: No such file or directory


[1;33m⏳ Listening for 'Hey Enigma'...[0m
Skipping /tmp/wake-1776785107.wav due to RuntimeError: Failed to load audio: ffmpeg version 8.0.1 Copyright (c) 2000-2025 the FFmpeg developers
  built with Apple clang version 17.0.0 (clang-1700.6.3.2)
  configuration: --prefix=/opt/homebrew/Cellar/ffmpeg/8.0.1_3 --enable-shared --enable-pthreads --enable-version3 --cc=clang --host-cflags= --host-ldflags= --enable-ffplay --enable-gpl --enable-libsvtav1 --enable-libopus --enable-libx264 --enable-libmp3lame --enable-libdav1d --enable-libvpx --enable-libx265 --enable-openssl --enable-videotoolbox --enable-audiotoolbox --enable-neon
  libavutil      60.  8.100 / 60.  8.100
  libavcodec     62. 11.100 / 62. 11.100
  libavformat    62.  3.100 / 62.  3.100
  libavdevice    62.  1.100 / 62.  1.100
  libavfilter    11.  4.100 / 11.  4.100
  libswscale      9.  1.100 /  9.  1.100
  libswresample   6.  1.100 /  6.  1.100
[in#0 @ 0xc52808000] Error opening input: No such file or directory
Error opening input file /tmp/wake-1776785107.wav.
Error opening input files: No such file or directory


[1;33m⏳ Listening for 'Hey Enigma'...[0m
Skipping /tmp/wake-1776785110.wav due to RuntimeError: Failed to load audio: ffmpeg version 8.0.1 Copyright (c) 2000-2025 the FFmpeg developers
  built with Apple clang version 17.0.0 (clang-1700.6.3.2)
  configuration: --prefix=/opt/homebrew/Cellar/ffmpeg/8.0.1_3 --enable-shared --enable-pthreads --enable-version3 --cc=clang --host-cflags= --host-ldflags= --enable-ffplay --enable-gpl --enable-libsvtav1 --enable-libopus --enable-libx264 --enable-libmp3lame --enable-libdav1d --enable-libvpx --enable-libx265 --enable-openssl --enable-videotoolbox --enable-audiotoolbox --enable-neon
  libavutil      60.  8.100 / 60.  8.100
  libavcodec     62. 11.100 / 62. 11.100
  libavformat    62.  3.100 / 62.  3.100
  libavdevice    62.  1.100 / 62.  1.100
  libavfilter    11.  4.100 / 11.  4.100
  libswscale      9.  1.100 /  9.  1.100
  libswresample   6.  1.100 /  6.  1.100
[in#0 @ 0xbfe800000] Error opening input: No such file or directory
Error opening input file /tmp/wake-1776785110.wav.
Error opening input files: No such file or directory


[1;33m⏳ Listening for 'Hey Enigma'...[0m
Skipping /tmp/wake-1776785112.wav due to RuntimeError: Failed to load audio: ffmpeg version 8.0.1 Copyright (c) 2000-2025 the FFmpeg developers
  built with Apple clang version 17.0.0 (clang-1700.6.3.2)
  configuration: --prefix=/opt/homebrew/Cellar/ffmpeg/8.0.1_3 --enable-shared --enable-pthreads --enable-version3 --cc=clang --host-cflags= --host-ldflags= --enable-ffplay --enable-gpl --enable-libsvtav1 --enable-libopus --enable-libx264 --enable-libmp3lame --enable-libdav1d --enable-libvpx --enable-libx265 --enable-openssl --enable-videotoolbox --enable-audiotoolbox --enable-neon
  libavutil      60.  8.100 / 60.  8.100
  libavcodec     62. 11.100 / 62. 11.100
  libavformat    62.  3.100 / 62.  3.100
  libavdevice    62.  1.100 / 62.  1.100
  libavfilter    11.  4.100 / 11.  4.100
  libswscale      9.  1.100 /  9.  1.100
  libswresample   6.  1.100 /  6.  1.100
[in#0 @ 0xada808000] Error opening input: No such file or directory
Error opening input file /tmp/wake-1776785112.wav.
Error opening input files: No such file or directory


[1;33m⏳ Listening for 'Hey Enigma'...[0m
Skipping /tmp/wake-1776785115.wav due to RuntimeError: Failed to load audio: ffmpeg version 8.0.1 Copyright (c) 2000-2025 the FFmpeg developers
  built with Apple clang version 17.0.0 (clang-1700.6.3.2)
  configuration: --prefix=/opt/homebrew/Cellar/ffmpeg/8.0.1_3 --enable-shared --enable-pthreads --enable-version3 --cc=clang --host-cflags= --host-ldflags= --enable-ffplay --enable-gpl --enable-libsvtav1 --enable-libopus --enable-libx264 --enable-libmp3lame --enable-libdav1d --enable-libvpx --enable-libx265 --enable-openssl --enable-videotoolbox --enable-audiotoolbox --enable-neon
  libavutil      60.  8.100 / 60.  8.100
  libavcodec     62. 11.100 / 62. 11.100
  libavformat    62.  3.100 / 62.  3.100
  libavdevice    62.  1.100 / 62.  1.100
  libavfilter    11.  4.100 / 11.  4.100
  libswscale      9.  1.100 /  9.  1.100
  libswresample   6.  1.100 /  6.  1.100
[in#0 @ 0x87a400000] Error opening input: No such file or directory
Error opening input file /tmp/wake-1776785115.wav.
Error opening input files: No such file or directory


[1;33m⏳ Listening for 'Hey Enigma'...[0m
Skipping /tmp/wake-1776785126.wav due to RuntimeError: Failed to load audio: ffmpeg version 8.0.1 Copyright (c) 2000-2025 the FFmpeg developers
  built with Apple clang version 17.0.0 (clang-1700.6.3.2)
  configuration: --prefix=/opt/homebrew/Cellar/ffmpeg/8.0.1_3 --enable-shared --enable-pthreads --enable-version3 --cc=clang --host-cflags= --host-ldflags= --enable-ffplay --enable-gpl --enable-libsvtav1 --enable-libopus --enable-libx264 --enable-libmp3lame --enable-libdav1d --enable-libvpx --enable-libx265 --enable-openssl --enable-videotoolbox --enable-audiotoolbox --enable-neon
  libavutil      60.  8.100 / 60.  8.100
  libavcodec     62. 11.100 / 62. 11.100
  libavformat    62.  3.100 / 62.  3.100
  libavdevice    62.  1.100 / 62.  1.100
  libavfilter    11.  4.100 / 11.  4.100
  libswscale      9.  1.100 /  9.  1.100
  libswresample   6.  1.100 /  6.  1.100
[in#0 @ 0x915014000] Error opening input: No such file or directory
Error opening input file /tmp/wake-1776785126.wav.
Error opening input files: No such file or directory


[1;33m⏳ Listening for 'Hey Enigma'...[0m
Skipping /tmp/wake-1776785132.wav due to RuntimeError: Failed to load audio: ffmpeg version 8.0.1 Copyright (c) 2000-2025 the FFmpeg developers
  built with Apple clang version 17.0.0 (clang-1700.6.3.2)
  configuration: --prefix=/opt/homebrew/Cellar/ffmpeg/8.0.1_3 --enable-shared --enable-pthreads --enable-version3 --cc=clang --host-cflags= --host-ldflags= --enable-ffplay --enable-gpl --enable-libsvtav1 --enable-libopus --enable-libx264 --enable-libmp3lame --enable-libdav1d --enable-libvpx --enable-libx265 --enable-openssl --enable-videotoolbox --enable-audiotoolbox --enable-neon
  libavutil      60.  8.100 / 60.  8.100
  libavcodec     62. 11.100 / 62. 11.100
  libavformat    62.  3.100 / 62.  3.100
  libavdevice    62.  1.100 / 62.  1.100
  libavfilter    11.  4.100 / 11.  4.100
  libswscale      9.  1.100 /  9.  1.100
  libswresample   6.  1.100 /  6.  1.100
[in#0 @ 0xae8804000] Error opening input: No such file or directory
Error opening input file /tmp/wake-1776785132.wav.
Error opening input files: No such file or directory


[1;33m⏳ Listening for 'Hey Enigma'...[0m
Skipping /tmp/wake-1776785136.wav due to RuntimeError: Failed to load audio: ffmpeg version 8.0.1 Copyright (c) 2000-2025 the FFmpeg developers
  built with Apple clang version 17.0.0 (clang-1700.6.3.2)
  configuration: --prefix=/opt/homebrew/Cellar/ffmpeg/8.0.1_3 --enable-shared --enable-pthreads --enable-version3 --cc=clang --host-cflags= --host-ldflags= --enable-ffplay --enable-gpl --enable-libsvtav1 --enable-libopus --enable-libx264 --enable-libmp3lame --enable-libdav1d --enable-libvpx --enable-libx265 --enable-openssl --enable-videotoolbox --enable-audiotoolbox --enable-neon
  libavutil      60.  8.100 / 60.  8.100
  libavcodec     62. 11.100 / 62. 11.100
  libavformat    62.  3.100 / 62.  3.100
  libavdevice    62.  1.100 / 62.  1.100
  libavfilter    11.  4.100 / 11.  4.100
  libswscale      9.  1.100 /  9.  1.100
  libswresample   6.  1.100 /  6.  1.100
[in#0 @ 0x8b4810000] Error opening input: No such file or directory
Error opening input file /tmp/wake-1776785136.wav.
Error opening input files: No such file or directory


[1;33m⏳ Listening for 'Hey Enigma'...[0m
Skipping /tmp/wake-1776785138.wav due to RuntimeError: Failed to load audio: ffmpeg version 8.0.1 Copyright (c) 2000-2025 the FFmpeg developers
  built with Apple clang version 17.0.0 (clang-1700.6.3.2)
  configuration: --prefix=/opt/homebrew/Cellar/ffmpeg/8.0.1_3 --enable-shared --enable-pthreads --enable-version3 --cc=clang --host-cflags= --host-ldflags= --enable-ffplay --enable-gpl --enable-libsvtav1 --enable-libopus --enable-libx264 --enable-libmp3lame --enable-libdav1d --enable-libvpx --enable-libx265 --enable-openssl --enable-videotoolbox --enable-audiotoolbox --enable-neon
  libavutil      60.  8.100 / 60.  8.100
  libavcodec     62. 11.100 / 62. 11.100
  libavformat    62.  3.100 / 62.  3.100
  libavdevice    62.  1.100 / 62.  1.100
  libavfilter    11.  4.100 / 11.  4.100
  libswscale      9.  1.100 /  9.  1.100
  libswresample   6.  1.100 /  6.  1.100
[in#0 @ 0xad4c14000] Error opening input: No such file or directory
Error opening input file /tmp/wake-1776785138.wav.
Error opening input files: No such file or directory


[1;33m⏳ Listening for 'Hey Enigma'...[0m
Skipping /tmp/wake-1776785140.wav due to RuntimeError: Failed to load audio: ffmpeg version 8.0.1 Copyright (c) 2000-2025 the FFmpeg developers
  built with Apple clang version 17.0.0 (clang-1700.6.3.2)
  configuration: --prefix=/opt/homebrew/Cellar/ffmpeg/8.0.1_3 --enable-shared --enable-pthreads --enable-version3 --cc=clang --host-cflags= --host-ldflags= --enable-ffplay --enable-gpl --enable-libsvtav1 --enable-libopus --enable-libx264 --enable-libmp3lame --enable-libdav1d --enable-libvpx --enable-libx265 --enable-openssl --enable-videotoolbox --enable-audiotoolbox --enable-neon
  libavutil      60.  8.100 / 60.  8.100
  libavcodec     62. 11.100 / 62. 11.100
  libavformat    62.  3.100 / 62.  3.100
  libavdevice    62.  1.100 / 62.  1.100
  libavfilter    11.  4.100 / 11.  4.100
  libswscale      9.  1.100 /  9.  1.100
  libswresample   6.  1.100 /  6.  1.100
[in#0 @ 0x7c4c10000] Error opening input: No such file or directory
Error opening input file /tmp/wake-1776785140.wav.
Error opening input files: No such file or directory


[1;33m⏳ Listening for 'Hey Enigma'...[0m
Skipping /tmp/wake-1776785143.wav due to RuntimeError: Failed to load audio: ffmpeg version 8.0.1 Copyright (c) 2000-2025 the FFmpeg developers
  built with Apple clang version 17.0.0 (clang-1700.6.3.2)
  configuration: --prefix=/opt/homebrew/Cellar/ffmpeg/8.0.1_3 --enable-shared --enable-pthreads --enable-version3 --cc=clang --host-cflags= --host-ldflags= --enable-ffplay --enable-gpl --enable-libsvtav1 --enable-libopus --enable-libx264 --enable-libmp3lame --enable-libdav1d --enable-libvpx --enable-libx265 --enable-openssl --enable-videotoolbox --enable-audiotoolbox --enable-neon
  libavutil      60.  8.100 / 60.  8.100
  libavcodec     62. 11.100 / 62. 11.100
  libavformat    62.  3.100 / 62.  3.100
  libavdevice    62.  1.100 / 62.  1.100
  libavfilter    11.  4.100 / 11.  4.100
  libswscale      9.  1.100 /  9.  1.100
  libswresample   6.  1.100 /  6.  1.100
[in#0 @ 0x90ac14000] Error opening input: No such file or directory
Error opening input file /tmp/wake-1776785143.wav.
Error opening input files: No such file or directory


[1;33m⏳ Listening for 'Hey Enigma'...[0m
Skipping /tmp/wake-1776785145.wav due to RuntimeError: Failed to load audio: ffmpeg version 8.0.1 Copyright (c) 2000-2025 the FFmpeg developers
  built with Apple clang version 17.0.0 (clang-1700.6.3.2)
  configuration: --prefix=/opt/homebrew/Cellar/ffmpeg/8.0.1_3 --enable-shared --enable-pthreads --enable-version3 --cc=clang --host-cflags= --host-ldflags= --enable-ffplay --enable-gpl --enable-libsvtav1 --enable-libopus --enable-libx264 --enable-libmp3lame --enable-libdav1d --enable-libvpx --enable-libx265 --enable-openssl --enable-videotoolbox --enable-audiotoolbox --enable-neon
  libavutil      60.  8.100 / 60.  8.100
  libavcodec     62. 11.100 / 62. 11.100
  libavformat    62.  3.100 / 62.  3.100
  libavdevice    62.  1.100 / 62.  1.100
  libavfilter    11.  4.100 / 11.  4.100
  libswscale      9.  1.100 /  9.  1.100
  libswresample   6.  1.100 /  6.  1.100
[in#0 @ 0xa2340c000] Error opening input: No such file or directory
Error opening input file /tmp/wake-1776785145.wav.
Error opening input files: No such file or directory


[1;33m⏳ Listening for 'Hey Enigma'...[0m
Skipping /tmp/wake-1776785147.wav due to RuntimeError: Failed to load audio: ffmpeg version 8.0.1 Copyright (c) 2000-2025 the FFmpeg developers
  built with Apple clang version 17.0.0 (clang-1700.6.3.2)
  configuration: --prefix=/opt/homebrew/Cellar/ffmpeg/8.0.1_3 --enable-shared --enable-pthreads --enable-version3 --cc=clang --host-cflags= --host-ldflags= --enable-ffplay --enable-gpl --enable-libsvtav1 --enable-libopus --enable-libx264 --enable-libmp3lame --enable-libdav1d --enable-libvpx --enable-libx265 --enable-openssl --enable-videotoolbox --enable-audiotoolbox --enable-neon
  libavutil      60.  8.100 / 60.  8.100
  libavcodec     62. 11.100 / 62. 11.100
  libavformat    62.  3.100 / 62.  3.100
  libavdevice    62.  1.100 / 62.  1.100
  libavfilter    11.  4.100 / 11.  4.100
  libswscale      9.  1.100 /  9.  1.100
  libswresample   6.  1.100 /  6.  1.100
[in#0 @ 0x9aa804000] Error opening input: No such file or directory
Error opening input file /tmp/wake-1776785147.wav.
Error opening input files: No such file or directory


[1;33m⏳ Listening for 'Hey Enigma'...[0m
Skipping /tmp/wake-1776785150.wav due to RuntimeError: Failed to load audio: ffmpeg version 8.0.1 Copyright (c) 2000-2025 the FFmpeg developers
  built with Apple clang version 17.0.0 (clang-1700.6.3.2)
  configuration: --prefix=/opt/homebrew/Cellar/ffmpeg/8.0.1_3 --enable-shared --enable-pthreads --enable-version3 --cc=clang --host-cflags= --host-ldflags= --enable-ffplay --enable-gpl --enable-libsvtav1 --enable-libopus --enable-libx264 --enable-libmp3lame --enable-libdav1d --enable-libvpx --enable-libx265 --enable-openssl --enable-videotoolbox --enable-audiotoolbox --enable-neon
  libavutil      60.  8.100 / 60.  8.100
  libavcodec     62. 11.100 / 62. 11.100
  libavformat    62.  3.100 / 62.  3.100
  libavdevice    62.  1.100 / 62.  1.100
  libavfilter    11.  4.100 / 11.  4.100
  libswscale      9.  1.100 /  9.  1.100
  libswresample   6.  1.100 /  6.  1.100
[in#0 @ 0x8e0c14000] Error opening input: No such file or directory
Error opening input file /tmp/wake-1776785150.wav.
Error opening input files: No such file or directory


[1;33m⏳ Listening for 'Hey Enigma'...[0m
Skipping /tmp/wake-1776785154.wav due to RuntimeError: Failed to load audio: ffmpeg version 8.0.1 Copyright (c) 2000-2025 the FFmpeg developers
  built with Apple clang version 17.0.0 (clang-1700.6.3.2)
  configuration: --prefix=/opt/homebrew/Cellar/ffmpeg/8.0.1_3 --enable-shared --enable-pthreads --enable-version3 --cc=clang --host-cflags= --host-ldflags= --enable-ffplay --enable-gpl --enable-libsvtav1 --enable-libopus --enable-libx264 --enable-libmp3lame --enable-libdav1d --enable-libvpx --enable-libx265 --enable-openssl --enable-videotoolbox --enable-audiotoolbox --enable-neon
  libavutil      60.  8.100 / 60.  8.100
  libavcodec     62. 11.100 / 62. 11.100
  libavformat    62.  3.100 / 62.  3.100
  libavdevice    62.  1.100 / 62.  1.100
  libavfilter    11.  4.100 / 11.  4.100
  libswscale      9.  1.100 /  9.  1.100
  libswresample   6.  1.100 /  6.  1.100
[in#0 @ 0xcbc800000] Error opening input: No such file or directory
Error opening input file /tmp/wake-1776785154.wav.
Error opening input files: No such file or directory


[1;33m⏳ Listening for 'Hey Enigma'...[0m
Skipping /tmp/wake-1776785156.wav due to RuntimeError: Failed to load audio: ffmpeg version 8.0.1 Copyright (c) 2000-2025 the FFmpeg developers
  built with Apple clang version 17.0.0 (clang-1700.6.3.2)
  configuration: --prefix=/opt/homebrew/Cellar/ffmpeg/8.0.1_3 --enable-shared --enable-pthreads --enable-version3 --cc=clang --host-cflags= --host-ldflags= --enable-ffplay --enable-gpl --enable-libsvtav1 --enable-libopus --enable-libx264 --enable-libmp3lame --enable-libdav1d --enable-libvpx --enable-libx265 --enable-openssl --enable-videotoolbox --enable-audiotoolbox --enable-neon
  libavutil      60.  8.100 / 60.  8.100
  libavcodec     62. 11.100 / 62. 11.100
  libavformat    62.  3.100 / 62.  3.100
  libavdevice    62.  1.100 / 62.  1.100
  libavfilter    11.  4.100 / 11.  4.100
  libswscale      9.  1.100 /  9.  1.100
  libswresample   6.  1.100 /  6.  1.100
[in#0 @ 0x7aac14000] Error opening input: No such file or directory
Error opening input file /tmp/wake-1776785156.wav.
Error opening input files: No such file or directory


[1;33m⏳ Listening for 'Hey Enigma'...[0m
🦞 JARVIS — Always-On Voice Assistant
Wake word: 'Hey Enigma'
Press Ctrl+C to stop

[0;32m✅ CLI tools OK[0m
[1;33m⏳ Waiting for VoxClaw...[0m
[0;32m✅ VoxClaw ready at http://localhost:4140[0m
[0;32m🔊 Hey Own, Enigma online. I'm listening.[0m
[0;32m🔊 Just say Hey Enigma and I'll handle your tasks.[0m

━━━━━━━━━━━━━━━━━━━━━━━━━━━━━━━━━━
  🦞 JARVIS MODE — ALWAYS LISTENING
  Wake word: 'Hey Enigma'
━━━━━━━━━━━━━━━━━━━━━━━━━━━━━━━━━━

[1;33m⏳ Listening for 'Hey Enigma'...[0m
Detecting language using up to the first 30 seconds. Use `--language` to specify the language
Detected language: English
[00:00.000 --> 00:01.000]  Asks.

[1;33m⏳ Listening for 'Hey Enigma'...[0m
Detecting language using up to the first 30 seconds. Use `--language` to specify the language
Detected language: Hungarian
[00:00.000 --> 00:01.680]  Néhoj...
[00:01.680 --> 00:04.200]  V��터cién elrezed jöbbj performs.

[1;33m⏳ Listening for 'Hey Enigma'...[0m
Detecting language using up to the first 30 seconds. Use `--language` to specify the language
Detected language: English
[00:00.000 --> 00:05.000]  We'll see you in the next video.

[1;33m⏳ Listening for 'Hey Enigma'...[0m
Detecting language using up to the first 30 seconds. Use `--language` to specify the language
Detected language: Nynorsk

[1;33m⏳ Listening for 'Hey Enigma'...[0m
Detecting language using up to the first 30 seconds. Use `--language` to specify the language
Detected language: Japanese
[00:00.000 --> 00:04.000] - いう女性兵グ Box
[00:08.000 --> 00:10.000] - 公式兵系
[00:10.000 --> 00:11.000] -  Holocaust
[00:11.000 --> 00:13.000] - 公式兵局
[00:13.000 --> 00:15.000]  languages
[00:15.000 --> 00:18.000] - 公式兵局
[00:18.000 --> 00:20.000] - 臨史
[00:20.000 --> 00:23.000] - 姐
[00:23.000 --> 00:25.000] - 恨緑
[00:25.000 --> 00:27.000] - 石井
[00:27.000 --> 00:29.000] - 胡子

[1;33m⏳ Listening for 'Hey Enigma'...[0m
Detecting language using up to the first 30 seconds. Use `--language` to specify the language
Detected language: English
[00:00.000 --> 00:03.480]  closing
[00:03.480 --> 00:06.240]  and
[00:06.240 --> 00:26.520]  if

[1;33m⏳ Listening for 'Hey Enigma'...[0m
Detecting language using up to the first 30 seconds. Use `--language` to specify the language
Detected language: Nynorsk

[1;33m⏳ Listening for 'Hey Enigma'...[0m
Detecting language using up to the first 30 seconds. Use `--language` to specify the language
Detected language: English

[1;33m⏳ Listening for 'Hey Enigma'...[0m
Detecting language using up to the first 30 seconds. Use `--language` to specify the language
Detected language: Nynorsk

[1;33m⏳ Listening for 'Hey Enigma'...[0m
Detecting language using up to the first 30 seconds. Use `--language` to specify the language
Detected language: English

[1;33m⏳ Listening for 'Hey Enigma'...[0m
Detecting language using up to the first 30 seconds. Use `--language` to specify the language
Detected language: English

[1;33m⏳ Listening for 'Hey Enigma'...[0m
Detecting language using up to the first 30 seconds. Use `--language` to specify the language
Detected language: English

[1;33m⏳ Listening for 'Hey Enigma'...[0m
Detecting language using up to the first 30 seconds. Use `--language` to specify the language
Detected language: Nynorsk

[1;33m⏳ Listening for 'Hey Enigma'...[0m
Detecting language using up to the first 30 seconds. Use `--language` to specify the language
Detected language: English
[00:00.000 --> 00:02.000]  I'm going to show you something.
[00:02.000 --> 00:04.000]  I'm going to show you something.

[1;33m⏳ Listening for 'Hey Enigma'...[0m
Detecting language using up to the first 30 seconds. Use `--language` to specify the language
Detected language: English
[00:00.000 --> 00:05.000]  Hey, I need a mic, I need a mic.

[1;33m⏳ Listening for 'Hey Enigma'...[0m
🦞 JARVIS — Always-On Voice Assistant
Wake word: 'Hey Enigma'
Press Ctrl+C to stop

[0;32m✅ CLI tools OK[0m
[1;33m⏳ Waiting for VoxClaw...[0m
[0;32m✅ VoxClaw ready at http://localhost:4140[0m
[0;32m🔊 Hey Own, Enigma online. I'm listening.[0m
[0;32m🔊 Just say Hey Enigma and I'll handle your tasks.[0m

━━━━━━━━━━━━━━━━━━━━━━━━━━━━━━━━━━
  🦞 JARVIS MODE — ALWAYS LISTENING
  Wake word: 'Hey Enigma'
━━━━━━━━━━━━━━━━━━━━━━━━━━━━━━━━━━

[1;33m⏳ Listening for 'Hey Enigma'...[0m
Detecting language using up to the first 30 seconds. Use `--language` to specify the language
Detected language: English
[00:00.000 --> 00:04.000]  Just say hey Enigma and I'll handle your tasks.
[0;32m🎯 WAKE WORD DETECTED![0m
[0;32m🔊 Yes?[0m
[0;32m🔊 Got it. Working on that now.[0m
[0;34m⏳ Waiting for response...[0m
[1;33m⚠️ No response within 90 seconds[0m
[0;32m🔊 I'm still working on that. Check the workspace for updates.[0m

[1;33m⏳ Listening for 'Hey Enigma'...[0m
Detecting language using up to the first 30 seconds. Use `--language` to specify the language
Detected language: English

[1;33m⏳ Listening for 'Hey Enigma'...[0m
Detecting language using up to the first 30 seconds. Use `--language` to specify the language
Detected language: Nynorsk

[1;33m⏳ Listening for 'Hey Enigma'...[0m
Detecting language using up to the first 30 seconds. Use `--language` to specify the language
Detected language: English

[1;33m⏳ Listening for 'Hey Enigma'...[0m
Detecting language using up to the first 30 seconds. Use `--language` to specify the language
Detected language: Nynorsk

[1;33m⏳ Listening for 'Hey Enigma'...[0m
🦞 JARVIS — Always-On Voice Assistant
Wake word: 'Hey Enigma'
Press Ctrl+C to stop

[0;32m✅ CLI tools OK[0m
[1;33m⏳ Waiting for VoxClaw...[0m
[0;31m❌ VoxClaw not available after 2 minutes[0m
VoxClaw not ready, will retry on next launchd restart
🦞 JARVIS — Always-On Voice Assistant
Wake word: 'Hey Enigma'
Press Ctrl+C to stop

[0;32m✅ CLI tools OK[0m
[1;33m⏳ Waiting for VoxClaw...[0m
[0;31m❌ VoxClaw not available after 2 minutes[0m
VoxClaw not ready, will retry on next launchd restart
🦞 JARVIS — Always-On Voice Assistant
Wake word: 'Hey Enigma'
Press Ctrl+C to stop

[0;32m✅ CLI tools OK[0m
[1;33m⏳ Waiting for VoxClaw...[0m
[0;31m❌ VoxClaw not available after 2 minutes[0m
VoxClaw not ready, will retry on next launchd restart
🦞 JARVIS — Always-On Voice Assistant
Wake word: 'Hey Enigma'
Press Ctrl+C to stop

[0;32m✅ CLI tools OK[0m
[1;33m⏳ Waiting for VoxClaw...[0m
[0;31m❌ VoxClaw not available after 2 minutes[0m
VoxClaw not ready, will retry on next launchd restart
🦞 JARVIS — Always-On Voice Assistant
Wake word: 'Hey Enigma'
Press Ctrl+C to stop

[0;32m✅ CLI tools OK[0m
[1;33m⏳ Waiting for VoxClaw...[0m
[0;31m❌ VoxClaw not available after 2 minutes[0m
VoxClaw not ready, will retry on next launchd restart
🦞 JARVIS — Always-On Voice Assistant
Wake word: 'Hey Enigma'
Press Ctrl+C to stop

[0;32m✅ CLI tools OK[0m
[1;33m⏳ Waiting for VoxClaw...[0m
[0;31m❌ VoxClaw not available after 2 minutes[0m
VoxClaw not ready, will retry on next launchd restart
🦞 JARVIS — Always-On Voice Assistant
Wake word: 'Hey Enigma'
Press Ctrl+C to stop

[0;32m✅ CLI tools OK[0m
[1;33m⏳ Waiting for VoxClaw...[0m
[0;31m❌ VoxClaw not available after 2 minutes[0m
VoxClaw not ready, will retry on next launchd restart
🦞 JARVIS — Always-On Voice Assistant
Wake word: 'Hey Enigma'
Press Ctrl+C to stop

[0;32m✅ CLI tools OK[0m
[1;33m⏳ Waiting for VoxClaw...[0m
[0;31m❌ VoxClaw not available after 2 minutes[0m
VoxClaw not ready, will retry on next launchd restart
🦞 JARVIS — Always-On Voice Assistant
Wake word: 'Hey Enigma'
Press Ctrl+C to stop

[0;32m✅ CLI tools OK[0m
[1;33m⏳ Waiting for VoxClaw...[0m
[0;31m❌ VoxClaw not available after 2 minutes[0m
VoxClaw not ready, will retry on next launchd restart
🦞 JARVIS — Always-On Voice Assistant
Wake word: 'Hey Enigma'
Press Ctrl+C to stop

[0;32m✅ CLI tools OK[0m
[1;33m⏳ Waiting for VoxClaw...[0m
[0;31m❌ VoxClaw not available after 2 minutes[0m
VoxClaw not ready, will retry on next launchd restart
🦞 JARVIS — Always-On Voice Assistant
Wake word: 'Hey Enigma'
Press Ctrl+C to stop

[0;32m✅ CLI tools OK[0m
[1;33m⏳ Waiting for VoxClaw...[0m
[0;31m❌ VoxClaw not available after 2 minutes[0m
VoxClaw not ready, will retry on next launchd restart
🦞 JARVIS — Always-On Voice Assistant
Wake word: 'Hey Enigma'
Press Ctrl+C to stop

[0;32m✅ CLI tools OK[0m
[1;33m⏳ Waiting for VoxClaw...[0m
[0;31m❌ VoxClaw not available after 2 minutes[0m
VoxClaw not ready, will retry on next launchd restart
🦞 JARVIS — Always-On Voice Assistant
Wake word: 'Hey Enigma'
Press Ctrl+C to stop

[0;32m✅ CLI tools OK[0m
[1;33m⏳ Waiting for VoxClaw...[0m
[0;31m❌ VoxClaw not available after 2 minutes[0m
VoxClaw not ready, will retry on next launchd restart
🦞 JARVIS — Always-On Voice Assistant
Wake word: 'Hey Enigma'
Press Ctrl+C to stop

[0;32m✅ CLI tools OK[0m
[1;33m⏳ Waiting for VoxClaw...[0m
[0;31m❌ VoxClaw not available after 2 minutes[0m
VoxClaw not ready, will retry on next launchd restart
🦞 JARVIS — Always-On Voice Assistant
Wake word: 'Hey Enigma'
Press Ctrl+C to stop

[0;32m✅ CLI tools OK[0m
[1;33m⏳ Waiting for VoxClaw...[0m
[0;31m❌ VoxClaw not available after 2 minutes[0m
VoxClaw not ready, will retry on next launchd restart
🦞 JARVIS — Always-On Voice Assistant
Wake word: 'Hey Enigma'
Press Ctrl+C to stop

[0;32m✅ CLI tools OK[0m
[1;33m⏳ Waiting for VoxClaw...[0m
[0;31m❌ VoxClaw not available after 2 minutes[0m
VoxClaw not ready, will retry on next launchd restart
🦞 JARVIS — Always-On Voice Assistant
Wake word: 'Hey Enigma'
Press Ctrl+C to stop

[0;32m✅ CLI tools OK[0m
[1;33m⏳ Waiting for VoxClaw...[0m
[0;31m❌ VoxClaw not available after 2 minutes[0m
VoxClaw not ready, will retry on next launchd restart
🦞 JARVIS — Always-On Voice Assistant
Wake word: 'Hey Enigma'
Press Ctrl+C to stop

[0;32m✅ CLI tools OK[0m
[1;33m⏳ Waiting for VoxClaw...[0m
[0;31m❌ VoxClaw not available after 2 minutes[0m
VoxClaw not ready, will retry on next launchd restart
🦞 JARVIS — Always-On Voice Assistant
Wake word: 'Hey Enigma'
Press Ctrl+C to stop

[0;32m✅ CLI tools OK[0m
[1;33m⏳ Waiting for VoxClaw...[0m
[0;31m❌ VoxClaw not available after 2 minutes[0m
VoxClaw not ready, will retry on next launchd restart
🦞 JARVIS — Always-On Voice Assistant
Wake word: 'Hey Enigma'
Press Ctrl+C to stop

[0;32m✅ CLI tools OK[0m
[1;33m⏳ Waiting for VoxClaw...[0m
[0;31m❌ VoxClaw not available after 2 minutes[0m
VoxClaw not ready, will retry on next launchd restart
🦞 JARVIS — Always-On Voice Assistant
Wake word: 'Hey Enigma'
Press Ctrl+C to stop

[0;32m✅ CLI tools OK[0m
[1;33m⏳ Waiting for VoxClaw...[0m
[0;31m❌ VoxClaw not available after 2 minutes[0m
VoxClaw not ready, will retry on next launchd restart
🦞 JARVIS — Always-On Voice Assistant
Wake word: 'Hey Enigma'
Press Ctrl+C to stop

[0;32m✅ CLI tools OK[0m
[1;33m⏳ Waiting for VoxClaw...[0m
[0;31m❌ VoxClaw not available after 2 minutes[0m
VoxClaw not ready, will retry on next launchd restart
🦞 JARVIS — Always-On Voice Assistant
Wake word: 'Hey Enigma'
Press Ctrl+C to stop

[0;32m✅ CLI tools OK[0m
[1;33m⏳ Waiting for VoxClaw...[0m
[0;31m❌ VoxClaw not available after 2 minutes[0m
VoxClaw not ready, will retry on next launchd restart
🦞 JARVIS — Always-On Voice Assistant
Wake word: 'Hey Enigma'
Press Ctrl+C to stop

[0;32m✅ CLI tools OK[0m
[1;33m⏳ Waiting for VoxClaw...[0m
[0;31m❌ VoxClaw not available after 2 minutes[0m
VoxClaw not ready, will retry on next launchd restart
🦞 JARVIS — Always-On Voice Assistant
Wake word: 'Hey Enigma'
Press Ctrl+C to stop

[0;32m✅ CLI tools OK[0m
[1;33m⏳ Waiting for VoxClaw...[0m
[0;31m❌ VoxClaw not available after 2 minutes[0m
VoxClaw not ready, will retry on next launchd restart
🦞 JARVIS — Always-On Voice Assistant
Wake word: 'Hey Enigma'
Press Ctrl+C to stop

[0;32m✅ CLI tools OK[0m
[1;33m⏳ Waiting for VoxClaw...[0m
[0;31m❌ VoxClaw not available after 2 minutes[0m
VoxClaw not ready, will retry on next launchd restart
🦞 JARVIS — Always-On Voice Assistant
Wake word: 'Hey Enigma'
Press Ctrl+C to stop

[0;32m✅ CLI tools OK[0m
[1;33m⏳ Waiting for VoxClaw...[0m
[0;31m❌ VoxClaw not available after 2 minutes[0m
VoxClaw not ready, will retry on next launchd restart
🦞 JARVIS — Always-On Voice Assistant
Wake word: 'Hey Enigma'
Press Ctrl+C to stop

[0;32m✅ CLI tools OK[0m
[1;33m⏳ Waiting for VoxClaw...[0m
[0;31m❌ VoxClaw not available after 2 minutes[0m
VoxClaw not ready, will retry on next launchd restart
🦞 JARVIS — Always-On Voice Assistant
Wake word: 'Hey Enigma'
Press Ctrl+C to stop

[0;32m✅ CLI tools OK[0m
[1;33m⏳ Waiting for VoxClaw...[0m
[0;31m❌ VoxClaw not available after 2 minutes[0m
VoxClaw not ready, will retry on next launchd restart
🦞 JARVIS — Always-On Voice Assistant
Wake word: 'Hey Enigma'
Press Ctrl+C to stop

[0;32m✅ CLI tools OK[0m
[1;33m⏳ Waiting for VoxClaw...[0m
[0;31m❌ VoxClaw not available after 2 minutes[0m
VoxClaw not ready, will retry on next launchd restart
🦞 JARVIS — Always-On Voice Assistant
Wake word: 'Hey Enigma'
Press Ctrl+C to stop

[0;32m✅ CLI tools OK[0m
[1;33m⏳ Waiting for VoxClaw...[0m
[0;31m❌ VoxClaw not available after 2 minutes[0m
VoxClaw not ready, will retry on next launchd restart
🦞 JARVIS — Always-On Voice Assistant
Wake word: 'Hey Enigma'
Press Ctrl+C to stop

[0;32m✅ CLI tools OK[0m
[1;33m⏳ Waiting for VoxClaw...[0m
[0;31m❌ VoxClaw not available after 2 minutes[0m
VoxClaw not ready, will retry on next launchd restart
🦞 JARVIS — Always-On Voice Assistant
Wake word: 'Hey Enigma'
Press Ctrl+C to stop

[0;32m✅ CLI tools OK[0m
[1;33m⏳ Waiting for VoxClaw...[0m
[0;31m❌ VoxClaw not available after 2 minutes[0m
VoxClaw not ready, will retry on next launchd restart
🦞 JARVIS — Always-On Voice Assistant
Wake word: 'Hey Enigma'
Press Ctrl+C to stop

[0;32m✅ CLI tools OK[0m
[1;33m⏳ Waiting for VoxClaw...[0m
[0;31m❌ VoxClaw not available after 2 minutes[0m
VoxClaw not ready, will retry on next launchd restart
🦞 JARVIS — Always-On Voice Assistant
Wake word: 'Hey Enigma'
Press Ctrl+C to stop

[0;32m✅ CLI tools OK[0m
[1;33m⏳ Waiting for VoxClaw...[0m
[0;31m❌ VoxClaw not available after 2 minutes[0m
VoxClaw not ready, will retry on next launchd restart
🦞 JARVIS — Always-On Voice Assistant
Wake word: 'Hey Enigma'
Press Ctrl+C to stop

[0;32m✅ CLI tools OK[0m
[1;33m⏳ Waiting for VoxClaw...[0m
[0;31m❌ VoxClaw not available after 2 minutes[0m
VoxClaw not ready, will retry on next launchd restart
🦞 JARVIS — Always-On Voice Assistant
Wake word: 'Hey Enigma'
Press Ctrl+C to stop

[0;32m✅ CLI tools OK[0m
[1;33m⏳ Waiting for VoxClaw...[0m
[0;31m❌ VoxClaw not available after 2 minutes[0m
VoxClaw not ready, will retry on next launchd restart
🦞 JARVIS — Always-On Voice Assistant
Wake word: 'Hey Enigma'
Press Ctrl+C to stop

[0;32m✅ CLI tools OK[0m
[1;33m⏳ Waiting for VoxClaw...[0m
[0;31m❌ VoxClaw not available after 2 minutes[0m
VoxClaw not ready, will retry on next launchd restart
🦞 JARVIS — Always-On Voice Assistant
Wake word: 'Hey Enigma'
Press Ctrl+C to stop

[0;32m✅ CLI tools OK[0m
[1;33m⏳ Waiting for VoxClaw...[0m
[0;31m❌ VoxClaw not available after 2 minutes[0m
VoxClaw not ready, will retry on next launchd restart
🦞 JARVIS — Always-On Voice Assistant
Wake word: 'Hey Enigma'
Press Ctrl+C to stop

[0;32m✅ CLI tools OK[0m
[1;33m⏳ Waiting for VoxClaw...[0m
[0;31m❌ VoxClaw not available after 2 minutes[0m
VoxClaw not ready, will retry on next launchd restart
🦞 JARVIS — Always-On Voice Assistant
Wake word: 'Hey Enigma'
Press Ctrl+C to stop

[0;32m✅ CLI tools OK[0m
[1;33m⏳ Waiting for VoxClaw...[0m
[0;31m❌ VoxClaw not available after 2 minutes[0m
VoxClaw not ready, will retry on next launchd restart
🦞 JARVIS — Always-On Voice Assistant
Wake word: 'Hey Enigma'
Press Ctrl+C to stop

[0;32m✅ CLI tools OK[0m
[1;33m⏳ Waiting for VoxClaw...[0m
[0;31m❌ VoxClaw not available after 2 minutes[0m
VoxClaw not ready, will retry on next launchd restart
🦞 JARVIS — Always-On Voice Assistant
Wake word: 'Hey Enigma'
Press Ctrl+C to stop

[0;32m✅ CLI tools OK[0m
[1;33m⏳ Waiting for VoxClaw...[0m
[0;31m❌ VoxClaw not available after 2 minutes[0m
VoxClaw not ready, will retry on next launchd restart
🦞 JARVIS — Always-On Voice Assistant
Wake word: 'Hey Enigma'
Press Ctrl+C to stop

[0;32m✅ CLI tools OK[0m
[1;33m⏳ Waiting for VoxClaw...[0m
[0;31m❌ VoxClaw not available after 2 minutes[0m
VoxClaw not ready, will retry on next launchd restart
🦞 JARVIS — Always-On Voice Assistant
Wake word: 'Hey Enigma'
Press Ctrl+C to stop

[0;32m✅ CLI tools OK[0m
[1;33m⏳ Waiting for VoxClaw...[0m
[0;31m❌ VoxClaw not available after 2 minutes[0m
VoxClaw not ready, will retry on next launchd restart
🦞 JARVIS — Always-On Voice Assistant
Wake word: 'Hey Enigma'
Press Ctrl+C to stop

[0;32m✅ CLI tools OK[0m
[1;33m⏳ Waiting for VoxClaw...[0m
[0;31m❌ VoxClaw not available after 2 minutes[0m
VoxClaw not ready, will retry on next launchd restart
🦞 JARVIS — Always-On Voice Assistant
Wake word: 'Hey Enigma'
Press Ctrl+C to stop

[0;32m✅ CLI tools OK[0m
[1;33m⏳ Waiting for VoxClaw...[0m
[0;31m❌ VoxClaw not available after 2 minutes[0m
VoxClaw not ready, will retry on next launchd restart
🦞 JARVIS — Always-On Voice Assistant
Wake word: 'Hey Enigma'
Press Ctrl+C to stop

[0;32m✅ CLI tools OK[0m
[1;33m⏳ Waiting for VoxClaw...[0m
[0;31m❌ VoxClaw not available after 2 minutes[0m
VoxClaw not ready, will retry on next launchd restart
🦞 JARVIS — Always-On Voice Assistant
Wake word: 'Hey Enigma'
Press Ctrl+C to stop

[0;32m✅ CLI tools OK[0m
[1;33m⏳ Waiting for VoxClaw...[0m
[0;31m❌ VoxClaw not available after 2 minutes[0m
VoxClaw not ready, will retry on next launchd restart
🦞 JARVIS — Always-On Voice Assistant
Wake word: 'Hey Enigma'
Press Ctrl+C to stop

[0;32m✅ CLI tools OK[0m
[1;33m⏳ Waiting for VoxClaw...[0m
[0;31m❌ VoxClaw not available after 2 minutes[0m
VoxClaw not ready, will retry on next launchd restart
🦞 JARVIS — Always-On Voice Assistant
Wake word: 'Hey Enigma'
Press Ctrl+C to stop

[0;32m✅ CLI tools OK[0m
[1;33m⏳ Waiting for VoxClaw...[0m
[0;31m❌ VoxClaw not available after 2 minutes[0m
VoxClaw not ready, will retry on next launchd restart
🦞 JARVIS — Always-On Voice Assistant
Wake word: 'Hey Enigma'
Press Ctrl+C to stop

[0;32m✅ CLI tools OK[0m
[1;33m⏳ Waiting for VoxClaw...[0m
[0;31m❌ VoxClaw not available after 2 minutes[0m
VoxClaw not ready, will retry on next launchd restart
🦞 JARVIS — Always-On Voice Assistant
Wake word: 'Hey Enigma'
Press Ctrl+C to stop

[0;32m✅ CLI tools OK[0m
[1;33m⏳ Waiting for VoxClaw...[0m
[0;31m❌ VoxClaw not available after 2 minutes[0m
VoxClaw not ready, will retry on next launchd restart
🦞 JARVIS — Always-On Voice Assistant
Wake word: 'Hey Enigma'
Press Ctrl+C to stop

[0;32m✅ CLI tools OK[0m
[1;33m⏳ Waiting for VoxClaw...[0m
[0;31m❌ VoxClaw not available after 2 minutes[0m
VoxClaw not ready, will retry on next launchd restart
🦞 JARVIS — Always-On Voice Assistant
Wake word: 'Hey Enigma'
Press Ctrl+C to stop

[0;32m✅ CLI tools OK[0m
[1;33m⏳ Waiting for VoxClaw...[0m
[0;31m❌ VoxClaw not available after 2 minutes[0m
VoxClaw not ready, will retry on next launchd restart
🦞 JARVIS — Always-On Voice Assistant
Wake word: 'Hey Enigma'
Press Ctrl+C to stop

[0;32m✅ CLI tools OK[0m
[1;33m⏳ Waiting for VoxClaw...[0m
[0;31m❌ VoxClaw not available after 2 minutes[0m
VoxClaw not ready, will retry on next launchd restart
🦞 JARVIS — Always-On Voice Assistant
Wake word: 'Hey Enigma'
Press Ctrl+C to stop

[0;32m✅ CLI tools OK[0m
[1;33m⏳ Waiting for VoxClaw...[0m
[0;31m❌ VoxClaw not available after 2 minutes[0m
VoxClaw not ready, will retry on next launchd restart
🦞 JARVIS — Always-On Voice Assistant
Wake word: 'Hey Enigma'
Press Ctrl+C to stop

[0;32m✅ CLI tools OK[0m
[1;33m⏳ Waiting for VoxClaw...[0m
[0;31m❌ VoxClaw not available after 2 minutes[0m
VoxClaw not ready, will retry on next launchd restart
🦞 JARVIS — Always-On Voice Assistant
Wake word: 'Hey Enigma'
Press Ctrl+C to stop

[0;32m✅ CLI tools OK[0m
[1;33m⏳ Waiting for VoxClaw...[0m
[0;31m❌ VoxClaw not available after 2 minutes[0m
VoxClaw not ready, will retry on next launchd restart
🦞 JARVIS — Always-On Voice Assistant
Wake word: 'Hey Enigma'
Press Ctrl+C to stop

[0;32m✅ CLI tools OK[0m
[1;33m⏳ Waiting for VoxClaw...[0m
[0;31m❌ VoxClaw not available after 2 minutes[0m
VoxClaw not ready, will retry on next launchd restart
🦞 JARVIS — Always-On Voice Assistant
Wake word: 'Hey Enigma'
Press Ctrl+C to stop

[0;32m✅ CLI tools OK[0m
[1;33m⏳ Waiting for VoxClaw...[0m
[0;31m❌ VoxClaw not available after 2 minutes[0m
VoxClaw not ready, will retry on next launchd restart
🦞 JARVIS — Always-On Voice Assistant
Wake word: 'Hey Enigma'
Press Ctrl+C to stop

[0;32m✅ CLI tools OK[0m
[1;33m⏳ Waiting for VoxClaw...[0m
[0;31m❌ VoxClaw not available after 2 minutes[0m
VoxClaw not ready, will retry on next launchd restart
🦞 JARVIS — Always-On Voice Assistant
Wake word: 'Hey Enigma'
Press Ctrl+C to stop

[0;32m✅ CLI tools OK[0m
[1;33m⏳ Waiting for VoxClaw...[0m
[0;31m❌ VoxClaw not available after 2 minutes[0m
VoxClaw not ready, will retry on next launchd restart
🦞 JARVIS — Always-On Voice Assistant
Wake word: 'Hey Enigma'
Press Ctrl+C to stop

[0;32m✅ CLI tools OK[0m
[1;33m⏳ Waiting for VoxClaw...[0m
[0;31m❌ VoxClaw not available after 2 minutes[0m
VoxClaw not ready, will retry on next launchd restart
🦞 JARVIS — Always-On Voice Assistant
Wake word: 'Hey Enigma'
Press Ctrl+C to stop

[0;32m✅ CLI tools OK[0m
[1;33m⏳ Waiting for VoxClaw...[0m
[0;31m❌ VoxClaw not available after 2 minutes[0m
VoxClaw not ready, will retry on next launchd restart
🦞 JARVIS — Always-On Voice Assistant
Wake word: 'Hey Enigma'
Press Ctrl+C to stop

[0;32m✅ CLI tools OK[0m
[1;33m⏳ Waiting for VoxClaw...[0m
[0;31m❌ VoxClaw not available after 2 minutes[0m
VoxClaw not ready, will retry on next launchd restart
🦞 JARVIS — Always-On Voice Assistant
Wake word: 'Hey Enigma'
Press Ctrl+C to stop

[0;32m✅ CLI tools OK[0m
[1;33m⏳ Waiting for VoxClaw...[0m
[0;31m❌ VoxClaw not available after 2 minutes[0m
VoxClaw not ready, will retry on next launchd restart
🦞 JARVIS — Always-On Voice Assistant
Wake word: 'Hey Enigma'
Press Ctrl+C to stop

[0;32m✅ CLI tools OK[0m
[1;33m⏳ Waiting for VoxClaw...[0m
[0;31m❌ VoxClaw not available after 2 minutes[0m
VoxClaw not ready, will retry on next launchd restart
🦞 JARVIS — Always-On Voice Assistant
Wake word: 'Hey Enigma'
Press Ctrl+C to stop

[0;32m✅ CLI tools OK[0m
[1;33m⏳ Waiting for VoxClaw...[0m
[0;31m❌ VoxClaw not available after 2 minutes[0m
VoxClaw not ready, will retry on next launchd restart
🦞 JARVIS — Always-On Voice Assistant
Wake word: 'Hey Enigma'
Press Ctrl+C to stop

[0;32m✅ CLI tools OK[0m
[1;33m⏳ Waiting for VoxClaw...[0m
[0;31m❌ VoxClaw not available after 2 minutes[0m
VoxClaw not ready, will retry on next launchd restart
🦞 JARVIS — Always-On Voice Assistant
Wake word: 'Hey Enigma'
Press Ctrl+C to stop

[0;32m✅ CLI tools OK[0m
[1;33m⏳ Waiting for VoxClaw...[0m
[0;31m❌ VoxClaw not available after 2 minutes[0m
VoxClaw not ready, will retry on next launchd restart
🦞 JARVIS — Always-On Voice Assistant
Wake word: 'Hey Enigma'
Press Ctrl+C to stop

[0;32m✅ CLI tools OK[0m
[1;33m⏳ Waiting for VoxClaw...[0m
[0;31m❌ VoxClaw not available after 2 minutes[0m
VoxClaw not ready, will retry on next launchd restart
🦞 JARVIS — Always-On Voice Assistant
Wake word: 'Hey Enigma'
Press Ctrl+C to stop

[0;32m✅ CLI tools OK[0m
[1;33m⏳ Waiting for VoxClaw...[0m
[0;31m❌ VoxClaw not available after 2 minutes[0m
VoxClaw not ready, will retry on next launchd restart
🦞 JARVIS — Always-On Voice Assistant
Wake word: 'Hey Enigma'
Press Ctrl+C to stop

[0;32m✅ CLI tools OK[0m
[1;33m⏳ Waiting for VoxClaw...[0m
[0;31m❌ VoxClaw not available after 2 minutes[0m
VoxClaw not ready, will retry on next launchd restart
🦞 JARVIS — Always-On Voice Assistant
Wake word: 'Hey Enigma'
Press Ctrl+C to stop

[0;32m✅ CLI tools OK[0m
[1;33m⏳ Waiting for VoxClaw...[0m
[0;31m❌ VoxClaw not available after 2 minutes[0m
VoxClaw not ready, will retry on next launchd restart
🦞 JARVIS — Always-On Voice Assistant
Wake word: 'Hey Enigma'
Press Ctrl+C to stop

[0;32m✅ CLI tools OK[0m
[1;33m⏳ Waiting for VoxClaw...[0m
[0;31m❌ VoxClaw not available after 2 minutes[0m
VoxClaw not ready, will retry on next launchd restart
🦞 JARVIS — Always-On Voice Assistant
Wake word: 'Hey Enigma'
Press Ctrl+C to stop

[0;32m✅ CLI tools OK[0m
[1;33m⏳ Waiting for VoxClaw...[0m
[0;31m❌ VoxClaw not available after 2 minutes[0m
VoxClaw not ready, will retry on next launchd restart
🦞 JARVIS — Always-On Voice Assistant
Wake word: 'Hey Enigma'
Press Ctrl+C to stop

[0;32m✅ CLI tools OK[0m
[1;33m⏳ Waiting for VoxClaw...[0m
[0;31m❌ VoxClaw not available after 2 minutes[0m
VoxClaw not ready, will retry on next launchd restart
🦞 JARVIS — Always-On Voice Assistant
Wake word: 'Hey Enigma'
Press Ctrl+C to stop

[0;32m✅ CLI tools OK[0m
[1;33m⏳ Waiting for VoxClaw...[0m
[0;31m❌ VoxClaw not available after 2 minutes[0m
VoxClaw not ready, will retry on next launchd restart
🦞 JARVIS — Always-On Voice Assistant
Wake word: 'Hey Enigma'
Press Ctrl+C to stop

[0;32m✅ CLI tools OK[0m
[1;33m⏳ Waiting for VoxClaw...[0m
[0;31m❌ VoxClaw not available after 2 minutes[0m
VoxClaw not ready, will retry on next launchd restart
🦞 JARVIS — Always-On Voice Assistant
Wake word: 'Hey Enigma'
Press Ctrl+C to stop

[0;32m✅ CLI tools OK[0m
[1;33m⏳ Waiting for VoxClaw...[0m
[0;31m❌ VoxClaw not available after 2 minutes[0m
VoxClaw not ready, will retry on next launchd restart
🦞 JARVIS — Always-On Voice Assistant
Wake word: 'Hey Enigma'
Press Ctrl+C to stop

[0;32m✅ CLI tools OK[0m
[1;33m⏳ Waiting for VoxClaw...[0m
[0;31m❌ VoxClaw not available after 2 minutes[0m
VoxClaw not ready, will retry on next launchd restart
🦞 JARVIS — Always-On Voice Assistant
Wake word: 'Hey Enigma'
Press Ctrl+C to stop

[0;32m✅ CLI tools OK[0m
[1;33m⏳ Waiting for VoxClaw...[0m
[0;31m❌ VoxClaw not available after 2 minutes[0m
VoxClaw not ready, will retry on next launchd restart
🦞 JARVIS — Always-On Voice Assistant
Wake word: 'Hey Enigma'
Press Ctrl+C to stop

[0;32m✅ CLI tools OK[0m
[1;33m⏳ Waiting for VoxClaw...[0m
[0;31m❌ VoxClaw not available after 2 minutes[0m
VoxClaw not ready, will retry on next launchd restart
🦞 JARVIS — Always-On Voice Assistant
Wake word: 'Hey Enigma'
Press Ctrl+C to stop

[0;32m✅ CLI tools OK[0m
[1;33m⏳ Waiting for VoxClaw...[0m
[0;31m❌ VoxClaw not available after 2 minutes[0m
VoxClaw not ready, will retry on next launchd restart
🦞 JARVIS — Always-On Voice Assistant
Wake word: 'Hey Enigma'
Press Ctrl+C to stop

[0;32m✅ CLI tools OK[0m
[1;33m⏳ Waiting for VoxClaw...[0m
[0;31m❌ VoxClaw not available after 2 minutes[0m
VoxClaw not ready, will retry on next launchd restart
🦞 JARVIS — Always-On Voice Assistant
Wake word: 'Hey Enigma'
Press Ctrl+C to stop

[0;32m✅ CLI tools OK[0m
[1;33m⏳ Waiting for VoxClaw...[0m
[0;31m❌ VoxClaw not available after 2 minutes[0m
VoxClaw not ready, will retry on next launchd restart
🦞 JARVIS — Always-On Voice Assistant
Wake word: 'Hey Enigma'
Press Ctrl+C to stop

[0;32m✅ CLI tools OK[0m
[1;33m⏳ Waiting for VoxClaw...[0m
[0;31m❌ VoxClaw not available after 2 minutes[0m
VoxClaw not ready, will retry on next launchd restart
🦞 JARVIS — Always-On Voice Assistant
Wake word: 'Hey Enigma'
Press Ctrl+C to stop

[0;32m✅ CLI tools OK[0m
[1;33m⏳ Waiting for VoxClaw...[0m
[0;31m❌ VoxClaw not available after 2 minutes[0m
VoxClaw not ready, will retry on next launchd restart
🦞 JARVIS — Always-On Voice Assistant
Wake word: 'Hey Enigma'
Press Ctrl+C to stop

[0;32m✅ CLI tools OK[0m
[1;33m⏳ Waiting for VoxClaw...[0m
[0;31m❌ VoxClaw not available after 2 minutes[0m
VoxClaw not ready, will retry on next launchd restart
🦞 JARVIS — Always-On Voice Assistant
Wake word: 'Hey Enigma'
Press Ctrl+C to stop

[0;32m✅ CLI tools OK[0m
[1;33m⏳ Waiting for VoxClaw...[0m
[0;31m❌ VoxClaw not available after 2 minutes[0m
VoxClaw not ready, will retry on next launchd restart
🦞 JARVIS — Always-On Voice Assistant
Wake word: 'Hey Enigma'
Press Ctrl+C to stop

[0;32m✅ CLI tools OK[0m
[1;33m⏳ Waiting for VoxClaw...[0m
[0;31m❌ VoxClaw not available after 2 minutes[0m
VoxClaw not ready, will retry on next launchd restart
🦞 JARVIS — Always-On Voice Assistant
Wake word: 'Hey Enigma'
Press Ctrl+C to stop

[0;32m✅ CLI tools OK[0m
[1;33m⏳ Waiting for VoxClaw...[0m
[0;31m❌ VoxClaw not available after 2 minutes[0m
VoxClaw not ready, will retry on next launchd restart
🦞 JARVIS — Always-On Voice Assistant
Wake word: 'Hey Enigma'
Press Ctrl+C to stop

[0;32m✅ CLI tools OK[0m
[1;33m⏳ Waiting for VoxClaw...[0m
[0;31m❌ VoxClaw not available after 2 minutes[0m
VoxClaw not ready, will retry on next launchd restart
🦞 JARVIS — Always-On Voice Assistant
Wake word: 'Hey Enigma'
Press Ctrl+C to stop

[0;32m✅ CLI tools OK[0m
[1;33m⏳ Waiting for VoxClaw...[0m
[0;31m❌ VoxClaw not available after 2 minutes[0m
VoxClaw not ready, will retry on next launchd restart
🦞 JARVIS — Always-On Voice Assistant
Wake word: 'Hey Enigma'
Press Ctrl+C to stop

[0;32m✅ CLI tools OK[0m
[1;33m⏳ Waiting for VoxClaw...[0m
[0;31m❌ VoxClaw not available after 2 minutes[0m
VoxClaw not ready, will retry on next launchd restart
🦞 JARVIS — Always-On Voice Assistant
Wake word: 'Hey Enigma'
Press Ctrl+C to stop

[0;32m✅ CLI tools OK[0m
[1;33m⏳ Waiting for VoxClaw...[0m
[0;31m❌ VoxClaw not available after 2 minutes[0m
VoxClaw not ready, will retry on next launchd restart
🦞 JARVIS — Always-On Voice Assistant
Wake word: 'Hey Enigma'
Press Ctrl+C to stop

[0;32m✅ CLI tools OK[0m
[1;33m⏳ Waiting for VoxClaw...[0m
[0;31m❌ VoxClaw not available after 2 minutes[0m
VoxClaw not ready, will retry on next launchd restart
🦞 JARVIS — Always-On Voice Assistant
Wake word: 'Hey Enigma'
Press Ctrl+C to stop

[0;32m✅ CLI tools OK[0m
[1;33m⏳ Waiting for VoxClaw...[0m
[0;31m❌ VoxClaw not available after 2 minutes[0m
VoxClaw not ready, will retry on next launchd restart
🦞 JARVIS — Always-On Voice Assistant
Wake word: 'Hey Enigma'
Press Ctrl+C to stop

[0;32m✅ CLI tools OK[0m
[1;33m⏳ Waiting for VoxClaw...[0m
[0;31m❌ VoxClaw not available after 2 minutes[0m
VoxClaw not ready, will retry on next launchd restart
🦞 JARVIS — Always-On Voice Assistant
Wake word: 'Hey Enigma'
Press Ctrl+C to stop

[0;32m✅ CLI tools OK[0m
[1;33m⏳ Waiting for VoxClaw...[0m
[0;31m❌ VoxClaw not available after 2 minutes[0m
VoxClaw not ready, will retry on next launchd restart
🦞 JARVIS — Always-On Voice Assistant
Wake word: 'Hey Enigma'
Press Ctrl+C to stop

[0;32m✅ CLI tools OK[0m
[1;33m⏳ Waiting for VoxClaw...[0m
[0;31m❌ VoxClaw not available after 2 minutes[0m
VoxClaw not ready, will retry on next launchd restart
🦞 JARVIS — Always-On Voice Assistant
Wake word: 'Hey Enigma'
Press Ctrl+C to stop

[0;32m✅ CLI tools OK[0m
[1;33m⏳ Waiting for VoxClaw...[0m
[0;31m❌ VoxClaw not available after 2 minutes[0m
VoxClaw not ready, will retry on next launchd restart
🦞 JARVIS — Always-On Voice Assistant
Wake word: 'Hey Enigma'
Press Ctrl+C to stop

[0;32m✅ CLI tools OK[0m
[1;33m⏳ Waiting for VoxClaw...[0m
[0;31m❌ VoxClaw not available after 2 minutes[0m
VoxClaw not ready, will retry on next launchd restart
🦞 JARVIS — Always-On Voice Assistant
Wake word: 'Hey Enigma'
Press Ctrl+C to stop

[0;32m✅ CLI tools OK[0m
[1;33m⏳ Waiting for VoxClaw...[0m
[0;31m❌ VoxClaw not available after 2 minutes[0m
VoxClaw not ready, will retry on next launchd restart
🦞 JARVIS — Always-On Voice Assistant
Wake word: 'Hey Enigma'
Press Ctrl+C to stop

[0;32m✅ CLI tools OK[0m
[1;33m⏳ Waiting for VoxClaw...[0m
[0;31m❌ VoxClaw not available after 2 minutes[0m
VoxClaw not ready, will retry on next launchd restart
🦞 JARVIS — Always-On Voice Assistant
Wake word: 'Hey Enigma'
Press Ctrl+C to stop

[0;32m✅ CLI tools OK[0m
[1;33m⏳ Waiting for VoxClaw...[0m
[0;31m❌ VoxClaw not available after 2 minutes[0m
VoxClaw not ready, will retry on next launchd restart
🦞 JARVIS — Always-On Voice Assistant
Wake word: 'Hey Enigma'
Press Ctrl+C to stop

[0;32m✅ CLI tools OK[0m
[1;33m⏳ Waiting for VoxClaw...[0m
[0;31m❌ VoxClaw not available after 2 minutes[0m
VoxClaw not ready, will retry on next launchd restart
🦞 JARVIS — Always-On Voice Assistant
Wake word: 'Hey Enigma'
Press Ctrl+C to stop

[0;32m✅ CLI tools OK[0m
[1;33m⏳ Waiting for VoxClaw...[0m
[0;31m❌ VoxClaw not available after 2 minutes[0m
VoxClaw not ready, will retry on next launchd restart
🦞 JARVIS — Always-On Voice Assistant
Wake word: 'Hey Enigma'
Press Ctrl+C to stop

[0;32m✅ CLI tools OK[0m
[1;33m⏳ Waiting for VoxClaw...[0m
[0;31m❌ VoxClaw not available after 2 minutes[0m
VoxClaw not ready, will retry on next launchd restart
🦞 JARVIS — Always-On Voice Assistant
Wake word: 'Hey Enigma'
Press Ctrl+C to stop

[0;32m✅ CLI tools OK[0m
[1;33m⏳ Waiting for VoxClaw...[0m
[0;31m❌ VoxClaw not available after 2 minutes[0m
VoxClaw not ready, will retry on next launchd restart
🦞 JARVIS — Always-On Voice Assistant
Wake word: 'Hey Enigma'
Press Ctrl+C to stop

[0;32m✅ CLI tools OK[0m
[1;33m⏳ Waiting for VoxClaw...[0m
[0;31m❌ VoxClaw not available after 2 minutes[0m
VoxClaw not ready, will retry on next launchd restart
🦞 JARVIS — Always-On Voice Assistant
Wake word: 'Hey Enigma'
Press Ctrl+C to stop

[0;32m✅ CLI tools OK[0m
[1;33m⏳ Waiting for VoxClaw...[0m
[0;31m❌ VoxClaw not available after 2 minutes[0m
VoxClaw not ready, will retry on next launchd restart
🦞 JARVIS — Always-On Voice Assistant
Wake word: 'Hey Enigma'
Press Ctrl+C to stop

[0;32m✅ CLI tools OK[0m
[1;33m⏳ Waiting for VoxClaw...[0m
[0;31m❌ VoxClaw not available after 2 minutes[0m
VoxClaw not ready, will retry on next launchd restart
🦞 JARVIS — Always-On Voice Assistant
Wake word: 'Hey Enigma'
Press Ctrl+C to stop

[0;32m✅ CLI tools OK[0m
[1;33m⏳ Waiting for VoxClaw...[0m
[0;31m❌ VoxClaw not available after 2 minutes[0m
VoxClaw not ready, will retry on next launchd restart
🦞 JARVIS — Always-On Voice Assistant
Wake word: 'Hey Enigma'
Press Ctrl+C to stop

[0;32m✅ CLI tools OK[0m
[1;33m⏳ Waiting for VoxClaw...[0m
[0;31m❌ VoxClaw not available after 2 minutes[0m
VoxClaw not ready, will retry on next launchd restart
🦞 JARVIS — Always-On Voice Assistant
Wake word: 'Hey Enigma'
Press Ctrl+C to stop

[0;32m✅ CLI tools OK[0m
[1;33m⏳ Waiting for VoxClaw...[0m
[0;31m❌ VoxClaw not available after 2 minutes[0m
VoxClaw not ready, will retry on next launchd restart
🦞 JARVIS — Always-On Voice Assistant
Wake word: 'Hey Enigma'
Press Ctrl+C to stop

[0;32m✅ CLI tools OK[0m
[1;33m⏳ Waiting for VoxClaw...[0m
[0;31m❌ VoxClaw not available after 2 minutes[0m
VoxClaw not ready, will retry on next launchd restart
🦞 JARVIS — Always-On Voice Assistant
Wake word: 'Hey Enigma'
Press Ctrl+C to stop

[0;32m✅ CLI tools OK[0m
[1;33m⏳ Waiting for VoxClaw...[0m
