2026-04-22 13:47 === Knowledge Compiler Started ===
2026-04-22 13:47 === Knowledge Compiler Started ===
2026-04-22 13:48 === Knowledge Compiler Started ===
2026-04-22 13:48 === Knowledge Compiler Started ===
2026-04-22 13:49 === Knowledge Compiler Started ===
2026-04-22 13:49   No lessons found
2026-04-22 13:49   SEO: teammotorcycle-seo-gaps.md
2026-04-22 13:49   SEO: coinsfera-seo-gaps.md
2026-04-22 13:49   SEO: 2026-04-19-teammotorcycle-seo-gaps.md
2026-04-22 13:49   SEO: 2026-04-19-coinsfera-seo-gaps.md
2026-04-22 13:49   SEO: 2026-04-19-khanllp-seo-gaps.md
2026-04-22 13:49   No tech fixes found
2026-04-22 13:49   Sync: MEMORY.md
2026-04-22 13:49   Sync: HEARTBEAT.md
2026-04-22 13:49   Sync: IDENTITY.md
2026-04-22 13:49   Sync: USER.md
2026-04-22 13:49   Sync: ENIGMA-MASTER-AGENT.md
2026-04-22 13:49 === Compilation Complete ===
2026-04-22 13:51 === Knowledge Compiler Started ===
2026-04-22 13:51   No lessons found
2026-04-22 13:51   SEO: teammotorcycle-seo-gaps.md
2026-04-22 13:51   SEO: coinsfera-seo-gaps.md
2026-04-22 13:51   SEO: 2026-04-19-teammotorcycle-seo-gaps.md
2026-04-22 13:51   SEO: 2026-04-19-coinsfera-seo-gaps.md
2026-04-22 13:51   SEO: 2026-04-19-khanllp-seo-gaps.md
2026-04-22 13:51   No tech fixes found
2026-04-22 13:51   Sync: MEMORY.md
2026-04-22 13:51   Sync: HEARTBEAT.md
2026-04-22 13:51   Sync: IDENTITY.md
2026-04-22 13:51   Sync: USER.md
2026-04-22 13:51   Sync: ENIGMA-MASTER-AGENT.md
2026-04-22 13:51 === Compilation Complete ===
2026-04-22 17:48 === Knowledge Compiler Started ===
2026-04-22 17:48   No lessons found
2026-04-22 17:48   SEO: teammotorcycle-seo-gaps.md
2026-04-22 17:48   SEO: coinsfera-seo-gaps.md
2026-04-22 17:48   SEO: 2026-04-19-teammotorcycle-seo-gaps.md
2026-04-22 17:48   SEO: 2026-04-19-coinsfera-seo-gaps.md
2026-04-22 17:48   SEO: 2026-04-19-khanllp-seo-gaps.md
2026-04-22 17:48   No tech fixes found
2026-04-22 17:48   Sync: MEMORY.md
2026-04-22 17:48   Sync: HEARTBEAT.md
2026-04-22 17:48   Sync: IDENTITY.md
2026-04-22 17:48   Sync: USER.md
2026-04-22 17:48   Sync: ENIGMA-MASTER-AGENT.md
2026-04-22 17:48 === Compilation Complete ===
2026-04-22 17:50 === Knowledge Compiler Started ===
2026-04-22 17:50   No lessons found
2026-04-22 17:50   SEO: teammotorcycle-seo-gaps.md
2026-04-22 17:50   SEO: coinsfera-seo-gaps.md
2026-04-22 17:50   SEO: 2026-04-19-teammotorcycle-seo-gaps.md
2026-04-22 17:50   SEO: 2026-04-19-coinsfera-seo-gaps.md
2026-04-22 17:50   SEO: 2026-04-19-khanllp-seo-gaps.md
2026-04-22 17:50   No tech fixes found
2026-04-22 17:50   Sync: MEMORY.md
2026-04-22 17:50   Sync: HEARTBEAT.md
2026-04-22 17:50   Sync: IDENTITY.md
2026-04-22 17:50   Sync: USER.md
2026-04-22 17:50   Sync: ENIGMA-MASTER-AGENT.md
2026-04-22 17:50 === Compilation Complete ===
2026-04-22 17:51 === Knowledge Compiler Started ===
2026-04-22 17:51   No lessons found
2026-04-22 17:51   SEO: teammotorcycle-seo-gaps.md
2026-04-22 17:51   SEO: coinsfera-seo-gaps.md
2026-04-22 17:51   SEO: 2026-04-19-teammotorcycle-seo-gaps.md
2026-04-22 17:51   SEO: 2026-04-19-coinsfera-seo-gaps.md
2026-04-22 17:51   SEO: 2026-04-19-khanllp-seo-gaps.md
2026-04-22 17:51   No tech fixes found
2026-04-22 17:51   Sync: MEMORY.md
2026-04-22 17:51   Sync: HEARTBEAT.md
2026-04-22 17:51   Sync: IDENTITY.md
2026-04-22 17:51   Sync: USER.md
2026-04-22 17:51   Sync: ENIGMA-MASTER-AGENT.md
2026-04-22 17:51 === Compilation Complete ===
2026-04-22 21:51 === Knowledge Compiler Started ===
2026-04-22 21:51   No lessons found
2026-04-22 21:51   SEO: teammotorcycle-seo-gaps.md
2026-04-22 21:51   SEO: coinsfera-seo-gaps.md
2026-04-22 21:51   SEO: 2026-04-19-teammotorcycle-seo-gaps.md
2026-04-22 21:51   SEO: 2026-04-19-coinsfera-seo-gaps.md
2026-04-22 21:51   SEO: 2026-04-19-khanllp-seo-gaps.md
2026-04-22 21:51   No tech fixes found
2026-04-22 21:51   Sync: MEMORY.md
2026-04-22 21:51   Sync: HEARTBEAT.md
2026-04-22 21:51   Sync: IDENTITY.md
2026-04-22 21:51   Sync: USER.md
2026-04-22 21:51   Sync: ENIGMA-MASTER-AGENT.md
2026-04-22 21:51 === Compilation Complete ===
2026-04-23 01:51 === Knowledge Compiler Started ===
2026-04-23 01:51   No lessons found
2026-04-23 01:51   SEO: teammotorcycle-seo-gaps.md
2026-04-23 01:51   SEO: coinsfera-seo-gaps.md
2026-04-23 01:51   SEO: 2026-04-19-teammotorcycle-seo-gaps.md
2026-04-23 01:51   SEO: 2026-04-19-coinsfera-seo-gaps.md
2026-04-23 01:51   SEO: 2026-04-19-khanllp-seo-gaps.md
2026-04-23 01:51   Tech fixes documented
2026-04-23 01:51   Sync: MEMORY.md
2026-04-23 01:51   Sync: HEARTBEAT.md
2026-04-23 01:51   Sync: IDENTITY.md
2026-04-23 01:51   Sync: USER.md
2026-04-23 01:51   Sync: ENIGMA-MASTER-AGENT.md
2026-04-23 01:51 === Compilation Complete ===
2026-04-23 12:02 === Knowledge Compiler Started ===
2026-04-23 12:02   No lessons found
2026-04-23 12:02   SEO: teammotorcycle-seo-gaps.md
2026-04-23 12:02   SEO: coinsfera-seo-gaps.md
2026-04-23 12:02   SEO: 2026-04-19-teammotorcycle-seo-gaps.md
2026-04-23 12:02   SEO: 2026-04-19-coinsfera-seo-gaps.md
2026-04-23 12:02   SEO: 2026-04-19-khanllp-seo-gaps.md
2026-04-23 12:02   No tech fixes found
2026-04-23 12:02   Sync: MEMORY.md
2026-04-23 12:02   Sync: HEARTBEAT.md
2026-04-23 12:02   Sync: IDENTITY.md
2026-04-23 12:02   Sync: USER.md
2026-04-23 12:02   Sync: ENIGMA-MASTER-AGENT.md
2026-04-23 12:02 === Compilation Complete ===
2026-04-23 21:44 === Knowledge Compiler Started ===
2026-04-23 21:44   No lessons found
2026-04-23 21:44   SEO: teammotorcycle-seo-gaps.md
2026-04-23 21:44   SEO: coinsfera-seo-gaps.md
2026-04-23 21:44   SEO: 2026-04-19-teammotorcycle-seo-gaps.md
2026-04-23 21:44   SEO: 2026-04-19-coinsfera-seo-gaps.md
2026-04-23 21:44   SEO: 2026-04-19-khanllp-seo-gaps.md
2026-04-23 21:44   No tech fixes found
2026-04-23 21:44   Sync: MEMORY.md
2026-04-23 21:44   Sync: HEARTBEAT.md
2026-04-23 21:44   Sync: IDENTITY.md
2026-04-23 21:44   Sync: USER.md
2026-04-23 21:44   Sync: ENIGMA-MASTER-AGENT.md
2026-04-23 21:44 === Compilation Complete ===
2026-04-24 02:05 === Knowledge Compiler Started ===
2026-04-24 02:05   No lessons found
2026-04-24 02:05   SEO: teammotorcycle-seo-gaps.md
2026-04-24 02:05   SEO: coinsfera-seo-gaps.md
2026-04-24 02:05   SEO: 2026-04-19-teammotorcycle-seo-gaps.md
2026-04-24 02:05   SEO: 2026-04-19-coinsfera-seo-gaps.md
2026-04-24 02:05   SEO: 2026-04-19-khanllp-seo-gaps.md
2026-04-24 02:05   No tech fixes found
2026-04-24 02:05   Sync: MEMORY.md
2026-04-24 02:05   Sync: HEARTBEAT.md
2026-04-24 02:05   Sync: IDENTITY.md
2026-04-24 02:05   Sync: USER.md
2026-04-24 02:05   Sync: ENIGMA-MASTER-AGENT.md
2026-04-24 02:05 === Compilation Complete ===
2026-04-24 06:06 === Knowledge Compiler Started ===
2026-04-24 06:06   No lessons found
2026-04-24 06:06   SEO: teammotorcycle-seo-gaps.md
2026-04-24 06:06   SEO: coinsfera-seo-gaps.md
2026-04-24 06:06   SEO: 2026-04-19-teammotorcycle-seo-gaps.md
2026-04-24 06:06   SEO: 2026-04-19-coinsfera-seo-gaps.md
2026-04-24 06:06   SEO: 2026-04-19-khanllp-seo-gaps.md
2026-04-24 06:06   No tech fixes found
2026-04-24 06:06   Sync: MEMORY.md
2026-04-24 06:06   Sync: HEARTBEAT.md
2026-04-24 06:06   Sync: IDENTITY.md
2026-04-24 06:06   Sync: USER.md
2026-04-24 06:06   Sync: ENIGMA-MASTER-AGENT.md
2026-04-24 06:06 === Compilation Complete ===
2026-04-24 10:06 === Knowledge Compiler Started ===
2026-04-24 10:06   No lessons found
2026-04-24 10:06   SEO: teammotorcycle-seo-gaps.md
2026-04-24 10:06   SEO: coinsfera-seo-gaps.md
2026-04-24 10:06   SEO: 2026-04-19-teammotorcycle-seo-gaps.md
2026-04-24 10:06   SEO: 2026-04-19-coinsfera-seo-gaps.md
2026-04-24 10:06   SEO: 2026-04-19-khanllp-seo-gaps.md
2026-04-24 10:06   No tech fixes found
2026-04-24 10:06   Sync: MEMORY.md
2026-04-24 10:06   Sync: HEARTBEAT.md
2026-04-24 10:06   Sync: IDENTITY.md
2026-04-24 10:06   Sync: USER.md
2026-04-24 10:06   Sync: ENIGMA-MASTER-AGENT.md
2026-04-24 10:06 === Compilation Complete ===
