2026-04-23 04:07   ✓ Synced 2026-04-23.md
2026-04-23 04:07   ✓ Synced leads directory
2026-04-23 04:07   ✓ Synced leads-local-services-physio.json
2026-04-23 04:07   ✓ Synced leads-mixed-ecommerce.json
2026-04-23 04:07   ✓ Synced leads-pakistan-ecommerce.json
2026-04-23 04:07   ✓ Synced leads-small-business-seo.json
2026-04-23 04:07   ✅ Sync completed
2026-04-23 12:20   ✓ Synced 2026-04-23.md
2026-04-23 12:20   ✓ Synced leads directory
2026-04-23 12:20   ✓ Synced leads-local-services-physio.json
2026-04-23 12:20   ✓ Synced leads-mixed-ecommerce.json
2026-04-23 12:20   ✓ Synced leads-pakistan-ecommerce.json
2026-04-23 12:20   ✓ Synced leads-small-business-seo.json
2026-04-23 12:20   ✅ Sync completed
2026-04-23 16:23   ✓ Synced 2026-04-23.md
2026-04-23 16:23   ✓ Synced leads directory
2026-04-23 16:23   ✓ Synced leads-local-services-physio.json
2026-04-23 16:23   ✓ Synced leads-mixed-ecommerce.json
2026-04-23 16:23   ✓ Synced leads-pakistan-ecommerce.json
2026-04-23 16:23   ✓ Synced leads-small-business-seo.json
2026-04-23 16:23   ✅ Sync completed
2026-04-23 21:59   ✓ Synced 2026-04-23.md
2026-04-23 21:59   ✓ Synced leads directory
2026-04-23 21:59   ✓ Synced leads-local-services-physio.json
2026-04-23 21:59   ✓ Synced leads-mixed-ecommerce.json
2026-04-23 21:59   ✓ Synced leads-pakistan-ecommerce.json
2026-04-23 21:59   ✓ Synced leads-small-business-seo.json
2026-04-23 21:59   ✅ Sync completed
2026-04-24 02:05   ✓ Synced 2026-04-24.md
2026-04-24 02:05   ✓ Synced leads directory
2026-04-24 02:05   ✓ Synced leads-local-services-physio.json
2026-04-24 02:05   ✓ Synced leads-mixed-ecommerce.json
2026-04-24 02:05   ✓ Synced leads-pakistan-ecommerce.json
2026-04-24 02:05   ✓ Synced leads-small-business-seo.json
2026-04-24 02:05   ✅ Sync completed
2026-04-24 06:06   ✓ Synced 2026-04-24.md
2026-04-24 06:06   ✓ Synced leads directory
2026-04-24 06:06   ✓ Synced leads-local-services-physio.json
2026-04-24 06:06   ✓ Synced leads-mixed-ecommerce.json
2026-04-24 06:06   ✓ Synced leads-pakistan-ecommerce.json
2026-04-24 06:06   ✓ Synced leads-small-business-seo.json
2026-04-24 06:06   ✅ Sync completed
2026-04-24 10:06   ✓ Synced 2026-04-24.md
2026-04-24 10:06   ✓ Synced leads directory
2026-04-24 10:06   ✓ Synced leads-local-services-physio.json
2026-04-24 10:06   ✓ Synced leads-mixed-ecommerce.json
2026-04-24 10:06   ✓ Synced leads-pakistan-ecommerce.json
2026-04-24 10:06   ✓ Synced leads-small-business-seo.json
2026-04-24 10:06   ✅ Sync completed
