[2026-04-21 17:56:54] ============================================================
[2026-04-21 17:56:54] RANK RAY SEMANTIC SEO - WordPress Upload Script
[2026-04-21 17:56:54] ============================================================
[2026-04-21 17:56:54] All 11 images verified in /Users/sheikhown/.openclaw/workspace/semantic-engine/images/downloads
[2026-04-21 17:56:54] Article file: /Users/sheikhown/.openclaw/workspace/semantic-engine/reports/PILLAR-ARTICLE-semantic-seo-services.md
[2026-04-21 17:56:54] Article loaded: 56144 chars
[2026-04-21 17:56:54] Launching Chromium with persistent context...
[2026-04-21 17:57:02] STEP 1: Logging into WordPress admin...
[2026-04-21 17:57:11] Current URL after navigation: https://rankray.com/wp-login.php?redirect_to=https%3A%2F%2Frankray.com%2Fwp-admin%2F&reauth=1
[2026-04-21 17:57:12] Login form detected - authenticating...
[2026-04-21 17:57:12] Screenshot saved: /Users/sheikhown/.openclaw/workspace/semantic-engine/screenshots/semantic-seo-01-login-page.png
[2026-04-21 17:57:22] After login URL: https://rankray.com/wp-login.php
[2026-04-21 17:57:22] Screenshot saved: /Users/sheikhown/.openclaw/workspace/semantic-engine/screenshots/semantic-seo-02-after-login.png
[2026-04-21 17:57:22] LOGIN ERROR: Error: Invalid username/email or incorrect password.
[2026-04-21 17:57:22] Still not in admin. Trying once more...
[2026-04-21 17:57:29] Final URL: https://rankray.com/wp-login.php
[2026-04-21 17:57:29] Screenshot saved: /Users/sheikhown/.openclaw/workspace/semantic-engine/screenshots/semantic-seo-03-dashboard.png
[2026-04-21 17:57:29] STEP 2: Uploading images via Media Library...
[2026-04-21 17:57:29] 
--- Uploading image 1/11: semantic-seo-services-rank-ray.jpg ---
[2026-04-21 17:57:40] Screenshot saved: /Users/sheikhown/.openclaw/workspace/semantic-engine/screenshots/semantic-seo-04-media-new-1.png
[2026-04-21 17:57:40] Trying Plupload file chooser approach...
[2026-04-21 17:58:40] File chooser approach failed: Page.click: Timeout 60000ms exceeded.
Call log:
  - waiting for locator("text=Select Files")

[2026-04-21 17:58:40] Trying JavaScript-based upload...
[2026-04-21 17:58:44] Media ID not found on upload page, searching library...
[2026-04-21 17:58:50] ✗ Could not find media ID for semantic-seo-services-rank-ray.jpg
[2026-04-21 17:58:50] Screenshot saved: /Users/sheikhown/.openclaw/workspace/semantic-engine/screenshots/semantic-seo-06-missing-media-1.png
[2026-04-21 17:58:50] 
--- Uploading image 2/11: semantic-seo-definition-concept.jpg ---
[2026-04-21 17:59:00] Screenshot saved: /Users/sheikhown/.openclaw/workspace/semantic-engine/screenshots/semantic-seo-04-media-new-2.png
[2026-04-21 17:59:01] Trying Plupload file chooser approach...
[2026-04-21 18:00:01] File chooser approach failed: Page.click: Timeout 60000ms exceeded.
Call log:
  - waiting for locator("text=Select Files")

[2026-04-21 18:00:01] Trying JavaScript-based upload...
[2026-04-21 18:00:04] Media ID not found on upload page, searching library...
[2026-04-21 18:00:10] ✗ Could not find media ID for semantic-seo-definition-concept.jpg
[2026-04-21 18:00:10] Screenshot saved: /Users/sheikhown/.openclaw/workspace/semantic-engine/screenshots/semantic-seo-06-missing-media-2.png
[2026-04-21 18:00:10] 
--- Uploading image 3/11: semantic-search-engine-process.jpg ---
[2026-04-21 18:00:23] Screenshot saved: /Users/sheikhown/.openclaw/workspace/semantic-engine/screenshots/semantic-seo-04-media-new-3.png
[2026-04-21 18:00:23] Trying Plupload file chooser approach...
[2026-04-21 18:16:46] ============================================================
[2026-04-21 18:16:46] RANK RAY SEMANTIC SEO - WordPress Upload
[2026-04-21 18:16:46] ============================================================
[2026-04-21 18:16:46] ✓ All 11 images verified
[2026-04-21 18:16:46] ✓ Article file ready (56351 bytes)
[2026-04-21 18:16:46] Launching browser...
[2026-04-21 18:16:49] 
═══ STEP 1: LOGIN ═══
[2026-04-21 18:16:54] Login form found! Authenticating...
[2026-04-21 18:16:54] Screenshot: semantic-seo-01-login-form.png
[2026-04-21 18:17:06] After login URL: https://rankray.com/wp-login.php
[2026-04-21 18:17:06] LOGIN ERROR: Error: Invalid username/email or incorrect password.
[2026-04-21 18:17:06] Login may have failed. Trying to navigate to dashboard...
[2026-04-21 18:17:12] FATAL: Could not access admin. URL: https://rankray.com/wp-login.php?redirect_to=https%3A%2F%2Frankray.com%2Fwp-admin%2F&reauth=1
[2026-04-21 18:17:12] Screenshot: semantic-seo-01-login-failed.png
